Archive member included because of file (symbol)

build\cc2538em_armgcc\openwsn\libopenstack.a(openwsn.o)
                              firmware\openos\projects\common\03oos_openwsn\03oos_openwsn.o (openwsn_init)
build\cc2538em_armgcc\openwsn\libopenstack.a(IEEE802154E.o)
                              build\cc2538em_armgcc\openwsn\libopenstack.a(openwsn.o) (ieee154e_init)
build\cc2538em_armgcc\openwsn\libopenstack.a(adaptive_sync.o)
                              build\cc2538em_armgcc\openwsn\libopenstack.a(openwsn.o) (adaptive_sync_init)
build\cc2538em_armgcc\openwsn\libopenstack.a(neighbors.o)
                              build\cc2538em_armgcc\openwsn\libopenstack.a(openwsn.o) (neighbors_init)
build\cc2538em_armgcc\openwsn\libopenstack.a(res.o)
                              build\cc2538em_armgcc\openwsn\libopenstack.a(openwsn.o) (res_init)
build\cc2538em_armgcc\openwsn\libopenstack.a(schedule.o)
                              build\cc2538em_armgcc\openwsn\libopenstack.a(openwsn.o) (schedule_init)
build\cc2538em_armgcc\openwsn\libopenstack.a(iphc.o)
                              build\cc2538em_armgcc\openwsn\libopenstack.a(openwsn.o) (iphc_init)
build\cc2538em_armgcc\openwsn\libopenstack.a(openbridge.o)
                              build\cc2538em_armgcc\openwsn\libopenstack.a(openwsn.o) (openbridge_init)
build\cc2538em_armgcc\openwsn\libopenstack.a(forwarding.o)
                              build\cc2538em_armgcc\openwsn\libopenstack.a(openwsn.o) (forwarding_init)
build\cc2538em_armgcc\openwsn\libopenstack.a(icmpv6.o)
                              build\cc2538em_armgcc\openwsn\libopenstack.a(openwsn.o) (icmpv6_init)
build\cc2538em_armgcc\openwsn\libopenstack.a(icmpv6echo.o)
                              build\cc2538em_armgcc\openwsn\libopenstack.a(openwsn.o) (icmpv6echo_init)
build\cc2538em_armgcc\openwsn\libopenstack.a(icmpv6rpl.o)
                              build\cc2538em_armgcc\openwsn\libopenstack.a(openwsn.o) (icmpv6rpl_init)
build\cc2538em_armgcc\openwsn\libopenstack.a(opencoap.o)
                              build\cc2538em_armgcc\openwsn\libopenstack.a(openwsn.o) (opencoap_init)
build\cc2538em_armgcc\openwsn\libopenstack.a(opentcp.o)
                              build\cc2538em_armgcc\openwsn\libopenstack.a(openwsn.o) (opentcp_init)
build\cc2538em_armgcc\openwsn\libopenstack.a(openudp.o)
                              build\cc2538em_armgcc\openwsn\libopenstack.a(openwsn.o) (openudp_init)
build\cc2538em_armgcc\openwsn\libopenstack.a(r6t.o)
                              build\cc2538em_armgcc\openwsn\libopenstack.a(openwsn.o) (r6t_init)
build\cc2538em_armgcc\openwsn\libopenstack.a(ohlone.o)
                              build\cc2538em_armgcc\openwsn\libopenstack.a(openwsn.o) (ohlone_init)
build\cc2538em_armgcc\openwsn\libopenstack.a(ohlone_webpages.o)
                              build\cc2538em_armgcc\openwsn\libopenstack.a(ohlone.o) (ohlone_webpages_init)
build\cc2538em_armgcc\openwsn\libopenstack.a(rinfo.o)
                              build\cc2538em_armgcc\openwsn\libopenstack.a(openwsn.o) (rinfo_init)
build\cc2538em_armgcc\openwsn\libopenstack.a(rrt.o)
                              build\cc2538em_armgcc\openwsn\libopenstack.a(openwsn.o) (rrt_init)
build\cc2538em_armgcc\openwsn\libopenstack.a(rleds.o)
                              build\cc2538em_armgcc\openwsn\libopenstack.a(openwsn.o) (rleds__init)
build\cc2538em_armgcc\openwsn\libopenstack.a(rwellknown.o)
                              build\cc2538em_armgcc\openwsn\libopenstack.a(openwsn.o) (rwellknown_init)
build\cc2538em_armgcc\openwsn\libopenstack.a(sensors.o)
                              build\cc2538em_armgcc\openwsn\libopenstack.a(openwsn.o) (sensors_init)
build\cc2538em_armgcc\openwsn\libopenstack.a(tcpecho.o)
                              build\cc2538em_armgcc\openwsn\libopenstack.a(openwsn.o) (tcpecho_init)
build\cc2538em_armgcc\openwsn\libopenstack.a(tcpinject.o)
                              build\cc2538em_armgcc\openwsn\libopenstack.a(openwsn.o) (tcpinject_init)
build\cc2538em_armgcc\openwsn\libopenstack.a(tcpprint.o)
                              build\cc2538em_armgcc\openwsn\libopenstack.a(openwsn.o) (tcpprint_init)
build\cc2538em_armgcc\openwsn\libopenstack.a(udpecho.o)
                              build\cc2538em_armgcc\openwsn\libopenstack.a(openwsn.o) (udpecho_init)
build\cc2538em_armgcc\openwsn\libopenstack.a(udpinject.o)
                              build\cc2538em_armgcc\openwsn\libopenstack.a(openwsn.o) (udpinject_init)
build\cc2538em_armgcc\openwsn\libopenstack.a(udpprint.o)
                              build\cc2538em_armgcc\openwsn\libopenstack.a(openwsn.o) (udpprint_init)
build\cc2538em_armgcc\openwsn\libopenstack.a(udprand.o)
                              build\cc2538em_armgcc\openwsn\libopenstack.a(openudp.o) (udprand_sendDone)
build\cc2538em_armgcc\openwsn\libopenstack.a(udplatency.o)
[...]
Memory Configuration

Name             Origin             Length             Attributes
FLASH            0x00200000         0x0007ffd4         xr
FLASH_CCA        0x0027ffd4         0x0000000c         xr
SRAM             0x20004000         0x00004000         xrw
*default*        0x00000000         0xffffffff

Linker script and memory map

LOAD firmware\openos\projects\common\03oos_openwsn\03oos_openwsn.o
LOAD build\cc2538em_armgcc\openwsn\libopenstack.a
LOAD build\cc2538em_armgcc\kernel\openos\libopenos.a
LOAD build\cc2538em_armgcc\drivers\libdrivers.a
LOAD build\cc2538em_armgcc\bsp\boards\cc2538em\libbsp.a
START GROUP
LOAD d:/apps/gnu_arm_toolchain/4.8_2013q4/bin/../lib/gcc/arm-none-eabi/4.8.3/armv7-m\libgcc.a
LOAD d:/apps/gnu_arm_toolchain/4.8_2013q4/bin/../lib/gcc/arm-none-eabi/4.8.3/../../../../arm-none-eabi/lib/armv7-m\libg.a
LOAD d:/apps/gnu_arm_toolchain/4.8_2013q4/bin/../lib/gcc/arm-none-eabi/4.8.3/../../../../arm-none-eabi/lib/armv7-m\libc.a
END GROUP

.text           0x00200000    0x13448
                0x00200000                _text = .
 *(.vectors)
 .vectors       0x00200000      0x28c build\cc2538em_armgcc\bsp\boards\cc2538em\libbsp.a(startup_gcc.o)
                0x00200000                gVectors
 *(.text*)
 .text          0x0020028c       0x1c firmware\openos\projects\common\03oos_openwsn\03oos_openwsn.o
                0x0020028c                mote_main
 .text          0x002002a8       0x94 build\cc2538em_armgcc\openwsn\libopenstack.a(openwsn.o)
                0x002002a8                openwsn_init
 .text          0x0020033c     0x1e74 build\cc2538em_armgcc\openwsn\libopenstack.a(IEEE802154E.o)
                0x0020033c                ieee154e_init
                0x002003b8                ieee154e_asnDiff
                0x00200464                isr_ieee154e_newSlot
                0x002004b4                isr_ieee154e_timer
                0x002005c0                ieee154e_startOfFrame
                0x00200684                ieee154e_endOfFrame
                0x00200748                debugPrint_asn
                0x00200788                debugPrint_isSync
                0x002007b4                debugPrint_macStats
                0x002007cc                activity_synchronize_newSlot
                0x00200850                activity_synchronize_startOfFrame
                0x00200884                activity_synchronize_endOfFrame
                0x00200a94                ieee154e_processIEs
                0x00200ca8                ieee154e_processSlotframeLinkIE
                0x00200dd0                activity_ti1ORri1
                0x00201020                activity_ti2
                0x00201090                activity_tie1
                0x002010b0                activity_ti3
                0x002010d0                activity_tie2
                0x002010f0                activity_ti4
                0x00201120                activity_tie3
                0x00201140                activity_ti5
                0x002011cc                activity_ti6
                0x00201228                activity_tie4
                0x00201248                activity_ti7
                0x00201268                activity_tie5
                0x002012b8                activity_ti8
                0x002012e8                activity_tie6
                0x002012f4                activity_ti9
                0x002014cc                activity_ri2
                0x00201528                activity_rie1
                0x00201548                activity_ri3
                0x00201568                activity_rie2
                0x00201574                activity_ri4
                0x002015a8                activity_rie3
                0x002015c8                activity_ri5
                0x002017ec                activity_ri6
                0x00201964                activity_rie4
                0x00201984                activity_ri7
                0x002019a4                activity_rie5
                0x002019c4                activity_ri8
                0x002019f4                activity_rie6
                0x00201a14                activity_ri9
                0x00201a88                isValidRxFrame
                0x00201af8                isValidAck
                0x00201b6c                incrementAsnOffset
                0x00201c00                ieee154e_getAsn
                0x00201c68                joinPriorityStoreFromAdv
                0x00201c94                asnStoreFromAdv
                0x00201d1c                synchronizePacket
                0x00201ddc                synchronizeAck
                0x00201e70                changeIsSync
                0x00201ea4                notif_sendDone
                0x00201ee4                notif_receive
                0x00201f20                resetStats
                0x00201f68                updateStats
                0x00201fa8                calculateFrequency
                0x00201fc0                changeState
                0x00202064                endSlot
                0x00202198                ieee154e_isSynch
 .text          0x002021b0      0x424 build\cc2538em_armgcc\openwsn\libopenstack.a(adaptive_sync.o)
                0x002021b0                adaptive_sync_init
                0x002021e0                adaptive_sync_preprocess
                0x00202374                adaptive_sync_calculateCompensatedSlots
                0x00202478                adaptive_sync_countCompensationTimeout
                0x002024f4                adaptive_sync_countCompensationTimeout_compoundSlots
                0x002025bc                adaptive_sync_driftChanged
 .text          0x002025d4     0x1080 build\cc2538em_armgcc\openwsn\libopenstack.a(neighbors.o)
                0x002025d4                neighbors_init
                0x00202608                neighbors_getMyDAGrank
                0x00202620                neighbors_getNumNeighbors
                0x00202668                neighbors_getPreferredParentEui64
                0x002027bc                neighbors_getKANeighbor
                0x00202864                neighbors_isStableNeighbor
                0x00202904                neighbors_isPreferredParent
                0x00202964                neighbors_isNeighborWithLowerDAGrank
                0x002029bc                neighbors_isNeighborWithHigherDAGrank
                0x00202a14                neighbors_indicateRx
                0x00202c38                neighbors_indicateTx
                0x00202da0                neighbors_indicateRxDIO
                0x00202ecc                neighbors_getNeighbor
                0x00202f24                neighbors_updateMyDAGrankAndNeighborPreference
                0x00203094                neighbors_removeOld
                0x002030fc                debugPrint_neighbors
                0x0020318c                debugNetPrint_neighbors
                0x00203280                registerNewNeighbor
                0x00203480                isNeighbor
                0x002034bc                removeNeighbor
                0x002035e0                isThisRowMatching
 .text          0x00203654      0x630 build\cc2538em_armgcc\openwsn\libopenstack.a(res.o)
                0x00203654                res_init
                0x002036b0                debugPrint_myDAGrank
                0x002036d8                res_send
                0x00203704                res_setKaPeriod
                0x00203734                task_resNotifSendDone
                0x00203800                task_resNotifReceive
                0x002038a0                timers_res_fired
                0x002038f4                res_send_internal
                0x00203990                sendAdv
                0x00203aa0                res_copySlotFrameAndLinkIE
                0x00203bd4                sendKa
                0x00203c70                res_timer_cb
 .text          0x00203c84      0x9cc build\cc2538em_armgcc\openwsn\libopenstack.a(schedule.o)
                0x00203c84                schedule_init
                0x00203d88                debugPrint_schedule
                0x00203edc                debugPrint_backoff
                0x00203f0c                schedule_setFrameLength
                0x00203f30                schedule_getSlotInfo
                0x00203fb4                schedule_addActiveSlot
                0x00204180                schedule_removeActiveSlot
                0x00204290                schedule_syncSlotOffset
                0x002042c4                schedule_advanceSlot
                0x002042e8                schedule_getNextActiveSlotOffset
                0x00204318                schedule_getFrameLength
                0x0020433c                schedule_getType
                0x00204364                schedule_getNeighbor
                0x00204390                schedule_getChannelOffset
                0x002043b8                schedule_getOkToSend
                0x0020441c                schedule_resetBackoff
                0x00204440                schedule_indicateRx
                0x0020447c                schedule_indicateTx
                0x00204568                schedule_getNetDebugInfo
                0x002045f0                schedule_resetEntry
 .text          0x00204650      0xd20 build\cc2538em_armgcc\openwsn\libopenstack.a(iphc.o)
                0x00204650                iphc_init
                0x0020465c                iphc_sendFromForwarding
                0x00204870                iphc_sendFromBridge
                0x002048b0                iphc_sendDone
                0x002048e8                iphc_receive
                0x00204978                iphc_prependIPv6Header
                0x00204cf0                iphc_retrieveIPv6Header
                0x002051e8                iphc_prependIPv6HopByHopHeader
                0x00205274                iphc_retrieveIPv6HopByHopHeader
 .text          0x00205370      0x1a0 build\cc2538em_armgcc\openwsn\libopenstack.a(openbridge.o)
                0x00205370                openbridge_init
                0x0020537c                openbridge_triggerData
                0x0020547c                openbridge_sendDone
                0x002054b0                openbridge_receive
 .text          0x00205510      0x604 build\cc2538em_armgcc\openwsn\libopenstack.a(forwarding.o)
                0x00205510                forwarding_init
                0x0020551c                forwarding_send
                0x002055a8                forwarding_sendDone
                0x00205624                forwarding_receive
                0x00205794                forwarding_getNextHop
                0x002057f8                forwarding_send_internal_RoutingTable
                0x00205848                forwarding_send_internal_SourceRouting
                0x00205ad8                forwarding_createRplOption
 .text          0x00205b14       0xe8 build\cc2538em_armgcc\openwsn\libopenstack.a(icmpv6.o)
                0x00205b14                icmpv6_init
                0x00205b20                icmpv6_send
                0x00205b44                icmpv6_sendDone
                0x00205ba0                icmpv6_receive
 .text          0x00205bfc      0x284 build\cc2538em_armgcc\openwsn\libopenstack.a(icmpv6echo.o)
                0x00205bfc                icmpv6echo_init
                0x00205c18                icmpv6echo_trigger
                0x00205d30                icmpv6echo_sendDone
                0x00205d6c                icmpv6echo_receive
 .text          0x00205e80      0x6a8 build\cc2538em_armgcc\openwsn\libopenstack.a(icmpv6rpl.o)
                0x00205e80                icmpv6rpl_init
                0x00205fb4                icmpv6rpl_getRPLIntanceID
                0x00205fcc                icmpv6rpl_sendDone
                0x00206008                icmpv6rpl_receive
                0x002060c4                icmpv6rpl_timer_DIO_cb
                0x002060d8                icmpv6rpl_timer_DIO_task
                0x00206140                sendDIO
                0x00206270                icmpv6rpl_timer_DAO_cb
                0x00206284                icmpv6rpl_timer_DAO_task
                0x002062f4                sendDAO
 .text          0x00206528      0x6f4 build\cc2538em_armgcc\openwsn\libopenstack.a(opencoap.o)
                0x00206528                opencoap_init
                0x00206544                opencoap_receive
                0x002069fc                opencoap_sendDone
                0x00206a70                opencoap_writeLinks
                0x00206b34                opencoap_register
                0x00206b7c                opencoap_send
 .text          0x00206c1c     0x1140 build\cc2538em_armgcc\openwsn\libopenstack.a(opentcp.o)
                0x00206c1c                opentcp_init
                0x00206c34                opentcp_connect
                0x00206d00                opentcp_send
                0x00206dd0                opentcp_sendDone
                0x00207010                opentcp_receive
                0x00207994                opentcp_close
                0x00207a44                tcp_debugPrint
                0x00207a54                timers_tcp_fired
                0x00207a60                prependTCPHeader
                0x00207b90                containsControlBits
                0x00207c9c                opentcp_reset
                0x00207cd8                tcp_change_state
                0x00207d48                opentcp_timer_cb
 .text          0x00207d5c      0x324 build\cc2538em_armgcc\openwsn\libopenstack.a(openudp.o)
                0x00207d5c                openudp_init
                0x00207d68                openudp_send
                0x00207de8                openudp_sendDone
                0x00207e94                openudp_receive
                0x00208070                openudp_debugPrint
 .text          0x00208080      0x324 build\cc2538em_armgcc\openwsn\libopenstack.a(r6t.o)
                0x00208080                r6t_init
                0x002080d4                r6t_receive
                0x0020838c                r6t_sendDone
 .text          0x002083a4      0x254 build\cc2538em_armgcc\openwsn\libopenstack.a(ohlone.o)
                0x002083a4                ohlone_init
                0x002083c4                ohlone_shouldIlisten
                0x002083d4                ohlone_sendpkt
                0x00208498                ohlone_check4chars
                0x002084f8                ohlone_receive
                0x0020859c                ohlone_sendDone
                0x002085d4                ohlone_connectDone
                0x002085e8                ohlone_debugPrint
 .text          0x002085f8      0x238 build\cc2538em_armgcc\openwsn\libopenstack.a(ohlone_webpages.o)
                0x002085f8                ohlone_webpages_init
                0x00208604                ohlone_webpage
                0x00208668                ohlone_replace_digit
                0x002086a8                ohlone_line_replace16
                0x0020872c                ohlone_insert3sensors
                0x002087d8                ohlone_insert4sensors
 .text          0x00208830      0x184 build\cc2538em_armgcc\openwsn\libopenstack.a(rinfo.o)
                0x00208830                rinfo_init
                0x00208884                rinfo_receive
                0x0020899c                rinfo_sendDone
 .text          0x002089b4       0xfc build\cc2538em_armgcc\openwsn\libopenstack.a(rrt.o)
                0x002089b4                rrt_init
                0x00208a08                rrt_receive
                0x00208a98                rrt_sendDone
 .text          0x00208ab0      0x118 build\cc2538em_armgcc\openwsn\libopenstack.a(rleds.o)
                0x00208ab0                rleds__init
                0x00208af8                rleds_receive
                0x00208bb0                rleds_sendDone
 .text          0x00208bc8       0xe0 build\cc2538em_armgcc\openwsn\libopenstack.a(rwellknown.o)
                0x00208bc8                rwellknown_init
                0x00208c20                rwellknown_receive
                0x00208c90                rwellknown_sendDone
 .text          0x00208ca8       0xe8 build\cc2538em_armgcc\openwsn\libopenstack.a(sensors.o)
                0x00208ca8                sensors_init
                0x00208cf0                sensors_receive
                0x00208d78                sensors_sendDone
 .text          0x00208d90       0xc0 build\cc2538em_armgcc\openwsn\libopenstack.a(tcpecho.o)
                0x00208d90                tcpecho_init
                0x00208d9c                tcpecho_shouldIlisten
                0x00208dac                tcpecho_receive
                0x00208df4                tcpecho_sendDone
                0x00208e2c                tcpecho_connectDone
                0x00208e40                tcpecho_debugPrint
 .text          0x00208e50      0x1e0 build\cc2538em_armgcc\openwsn\libopenstack.a(tcpinject.o)
                0x00208e50                tcpinject_init
                0x00208e5c                tcpinject_shouldIlisten
                0x00208e6c                tcpinject_trigger
                0x00208ee0                tcpinject_connectDone
                0x00208fd4                tcpinject_sendDone
                0x0020900c                tcpinject_receive
                0x00209020                tcpinject_debugPrint
 .text          0x00209030       0x80 build\cc2538em_armgcc\openwsn\libopenstack.a(tcpprint.o)
                0x00209030                tcpprint_init
                0x0020903c                tcpprint_shouldIlisten
                0x0020904c                tcpprint_receive
                0x00209074                tcpprint_connectDone
                0x00209088                tcpprint_sendDone
                0x002090a0                tcpprint_debugPrint
 .text          0x002090b0       0xd8 build\cc2538em_armgcc\openwsn\libopenstack.a(udpecho.o)
                0x002090b0                udpecho_init
                0x002090bc                udpecho_receive
                0x00209160                udpecho_sendDone
                0x00209178                udpecho_debugPrint
 .text          0x00209188      0x14c build\cc2538em_armgcc\openwsn\libopenstack.a(udpinject.o)
                0x00209188                udpinject_init
                0x00209194                udpinject_trigger
                0x0020927c                udpinject_sendDone
                0x002092b0                udpinject_receive
                0x002092c4                udpinject_debugPrint
 .text          0x002092d4       0x64 build\cc2538em_armgcc\openwsn\libopenstack.a(udpprint.o)
                0x002092d4                udpprint_init
                0x002092e0                udpprint_receive
                0x00209304                udpprint_sendDone
                0x00209328                udpprint_debugPrint
 .text          0x00209338      0x198 build\cc2538em_armgcc\openwsn\libopenstack.a(udprand.o)
                0x00209338                udprand_init
                0x00209378                udprand_task
                0x00209474                udprand_timer
                0x00209488                udprand_sendDone
                0x002094bc                udprand_receive
 .text          0x002094d0      0x264 build\cc2538em_armgcc\openwsn\libopenstack.a(udplatency.o)
                0x002094d0                udplatency_init
                0x00209500                udplatency_task
                0x002096d8                udplatency_timer
                0x002096ec                udplatency_sendDone
                0x00209720                udplatency_receive
 .text          0x00209734      0x498 build\cc2538em_armgcc\openwsn\libopenstack.a(idmanager.o)
                0x00209734                idmanager_init
                0x00209798                idmanager_getIsDAGroot
                0x002097bc                idmanager_setIsDAGroot
                0x002097e4                idmanager_getIsBridge
                0x00209808                idmanager_setIsBridge
                0x0020982c                idmanager_getMyID
                0x002098a8                idmanager_setMyID
                0x00209970                idmanager_isMyAddress
                0x00209a5c                idmanager_triggerAboutRoot
                0x00209acc                idmanager_triggerAboutBridge
                0x00209b3c                debugPrint_id
 .text          0x00209bcc      0x508 build\cc2538em_armgcc\openwsn\libopenstack.a(openqueue.o)
                0x00209bcc                openqueue_init
                0x00209c00                debugPrint_queue
                0x00209c6c                openqueue_getFreePacketBuffer
                0x00209d00                openqueue_freePacketBuffer
                0x00209d88                openqueue_removeAllCreatedBy
                0x00209ddc                openqueue_removeAllOwnedBy
                0x00209e30                openqueue_resGetSentPacket
                0x00209e94                openqueue_resGetReceivedPacket
                0x00209ef8                openqueue_macGetDataPacket
                0x00209ff8                openqueue_macGetAdvPacket
                0x0020a078                openqueue_reset_entry
 .text          0x0020a0d4       0xb4 build\cc2538em_armgcc\openwsn\libopenstack.a(openrandom.o)
                0x0020a0d4                openrandom_init
                0x0020a114                openrandom_get16b
 .text          0x0020a188      0x9b8 build\cc2538em_armgcc\openwsn\libopenstack.a(packetfunctions.o)
                0x0020a188                packetfunctions_ip128bToMac64b
                0x0020a1ec                packetfunctions_mac64bToIp128b
                0x0020a254                packetfunctions_mac64bToMac16b
                0x0020a29c                packetfunctions_mac16bToMac64b
                0x0020a308                packetfunctions_isBroadcastMulticast
                0x0020a384                packetfunctions_isAllRoutersMulticast
                0x0020a428                packetfunctions_isAllHostsMulticast
                0x0020a4cc                packetfunctions_sameAddress
                0x0020a560                packetfunctions_readAddress
                0x0020a604                packetfunctions_writeAddress
                0x0020a6b8                packetfunctions_reserveHeaderSize
                0x0020a700                packetfunctions_tossHeader
                0x0020a748                packetfunctions_reserveFooterSize
                0x0020a784                packetfunctions_tossFooter
                0x0020a7bc                packetfunctions_calculateCRC
                0x0020a858                packetfunctions_checkCRC
                0x0020a908                packetfunctions_calculateChecksum
                0x0020a9dc                onesComplementSum
                0x0020aa6c                packetfunctions_htons
                0x0020aa98                packetfunctions_ntohs
                0x0020aac0                packetfunctions_htonl
                0x0020ab08                packetfunctions_ntohl
 .text          0x0020ab40      0x494 build\cc2538em_armgcc\openwsn\libopenstack.a(IEEE802154.o)
                0x0020ab40                ieee802154_prependHeader
                0x0020ac9c                ieee802154_retrieveHeader
 .text          0x0020afd4       0x18 build\cc2538em_armgcc\openwsn\libopenstack.a(topology.o)
                0x0020afd4                topology_isAcceptablePacket
 .text          0x0020afec      0x134 build\cc2538em_armgcc\kernel\openos\libopenos.a(scheduler.o)
                0x0020afec                scheduler_init
                0x0020b010                scheduler_start
                0x0020b06c                scheduler_push_task
 .text          0x0020b120      0x9fc build\cc2538em_armgcc\drivers\libdrivers.a(openserial.o)
                0x0020b120                openserial_init
                0x0020b1d4                openserial_printStatus
                0x0020b25c                openserial_printInfoErrorCritical
                0x0020b2f8                openserial_printData
                0x0020b3a4                openserial_printInfo
                0x0020b3cc                openserial_printError
                0x0020b3f8                openserial_printCritical
                0x0020b438                openserial_getNumDataBytes
                0x0020b460                openserial_getInputBuffer
                0x0020b4c4                openserial_startInput
                0x0020b52c                openserial_startOutput
                0x0020b674                openserial_stop
                0x0020b7ac                debugPrint_outBufferIndexes
                0x0020b7e4                outputHdlcOpen
                0x0020b818                outputHdlcWrite
                0x0020b890                outputHdlcClose
                0x0020b8dc                inputHdlcOpen
                0x0020b8fc                inputHdlcWrite
                0x0020b964                inputHdlcClose
                0x0020b994                isr_openserial_tx
                0x0020ba18                isr_openserial_rx
                0x0020baec                openserial_echo
 .text          0x0020bb1c      0x970 build\cc2538em_armgcc\drivers\libdrivers.a(opentimers.o)
                0x0020bb1c                opentimers_init
                0x0020bbc8                opentimers_start
                0x0020bde0                opentimers_setPeriod
                0x0020bef0                opentimers_stop
                0x0020bf1c                opentimers_restart
                0x0020bf48                opentimers_timer_callback
                0x0020c208                opentimers_sleepTimeCompesation
 .text          0x0020c48c       0x38 build\cc2538em_armgcc\drivers\libdrivers.a(openhdlc.o)
                0x0020c48c                crcIteration
 .text          0x0020c4c4      0x338 build\cc2538em_armgcc\bsp\boards\cc2538em\libbsp.a(board.o)
                0x0020c4c4                main
                0x0020c4d4                board_init
                0x0020c510                button_init
                0x0020c548                GPIO_C_Isr_Handler
                0x0020c560                antenna_init
                0x0020c590                antenna_external
                0x0020c5b0                antenna_internal
                0x0020c5d0                board_sleep
                0x0020c5e0                board_reset
 .text          0x0020c7fc      0x128 build\cc2538em_armgcc\bsp\boards\cc2538em\libbsp.a(bsp_timer.o)
                0x0020c7fc                bsp_timer_init
                0x0020c81c                bsp_timer_set_callback
                0x0020c838                bsp_timer_reset
                0x0020c854                bsp_timer_scheduleIn
                0x0020c8dc                bsp_timer_cancel_schedule
                0x0020c8e8                bsp_timer_get_currentValue
                0x0020c8f8                bsp_timer_isr_private
                0x0020c910                bsp_timer_isr
 .text          0x0020c924      0x1d4 build\cc2538em_armgcc\bsp\boards\cc2538em\libbsp.a(debugpins.o)
                0x0020c924                debugpins_init
                0x0020c958                debugpins_frame_toggle
                0x0020c96c                debugpins_frame_clr
                0x0020c980                debugpins_frame_set
                0x0020c994                debugpins_slot_toggle
                0x0020c9a8                debugpins_slot_clr
                0x0020c9bc                debugpins_slot_set
                0x0020c9d0                debugpins_fsm_toggle
                0x0020c9e4                debugpins_fsm_clr
                0x0020c9f8                debugpins_fsm_set
                0x0020ca0c                debugpins_task_toggle
                0x0020ca20                debugpins_task_clr
                0x0020ca34                debugpins_task_set
                0x0020ca48                debugpins_isr_toggle
                0x0020ca5c                debugpins_isr_clr
                0x0020ca70                debugpins_isr_set
                0x0020ca84                debugpins_radio_toggle
                0x0020ca98                debugpins_radio_clr
                0x0020caac                debugpins_radio_set
                0x0020cac0                bspDBpinToggle
 .text          0x0020caf8       0x58 build\cc2538em_armgcc\bsp\boards\cc2538em\libbsp.a(eui64.o)
                0x0020caf8                eui64_get
 .text          0x0020cb50      0x268 build\cc2538em_armgcc\bsp\boards\cc2538em\libbsp.a(leds.o)
                0x0020cb50                leds_init
                0x0020cb6c                leds_error_on
                0x0020cb78                leds_error_off
                0x0020cb84                leds_error_toggle
                0x0020cb90                leds_error_isOn
                0x0020cbb8                leds_radio_on
                0x0020cbc4                leds_radio_off
                0x0020cbd0                leds_radio_toggle
                0x0020cbdc                leds_radio_isOn
                0x0020cc04                leds_sync_on
                0x0020cc10                leds_sync_off
                0x0020cc1c                leds_sync_toggle
                0x0020cc28                leds_sync_isOn
                0x0020cc50                leds_debug_on
                0x0020cc5c                leds_debug_off
                0x0020cc68                leds_debug_toggle
                0x0020cc74                leds_debug_isOn
                0x0020cc9c                leds_all_on
                0x0020cca8                leds_all_off
                0x0020ccb4                leds_all_toggle
                0x0020ccc0                leds_error_blink
                0x0020cd20                leds_circular_shift
                0x0020cd2c                leds_increment
                0x0020cd38                bspLedSet
                0x0020cd5c                bspLedClear
                0x0020cd7c                bspLedToggle
 .text          0x0020cdb8      0x67c build\cc2538em_armgcc\bsp\boards\cc2538em\libbsp.a(radio.o)
                0x0020cdb8                radio_init
                0x0020cf00                radio_setOverflowCb
                0x0020cf14                radio_setCompareCb
                0x0020cf28                radio_setStartFrameCb
                0x0020cf44                radio_setEndFrameCb
                0x0020cf60                radio_reset
                0x0020cfac                radio_startTimer
                0x0020cfc0                radio_getTimerValue
                0x0020cfd0                radio_setTimerPeriod
                0x0020cfe4                radio_getTimerPeriod
                0x0020cff4                radio_setFrequency
                0x0020d03c                radio_rfOn
                0x0020d048                radio_rfOff
                0x0020d070                radio_loadPacket
                0x0020d0e8                radio_txEnable
                0x0020d108                radio_txNow
                0x0020d158                radio_rxEnable
                0x0020d178                radio_rxNow
                0x0020d1ac                radio_getReceivedFrame
                0x0020d278                enable_radio_interrupts
                0x0020d2a4                disable_radio_interrupts
                0x0020d2c4                radio_on
                0x0020d2dc                radio_off
                0x0020d31c                radio_isr
                0x0020d400                radio_error_isr
 .text          0x0020d434      0x3e8 build\cc2538em_armgcc\bsp\boards\cc2538em\libbsp.a(radiotimer.o)
                0x0020d434                radiotimer_init
                0x0020d448                radiotimer_setOverflowCb
                0x0020d464                radiotimer_setCompareCb
                0x0020d480                radiotimer_setStartFrameCb
                0x0020d48c                radiotimer_setEndFrameCb
                0x0020d498                radiotimer_start
                0x0020d560                radiotimer_getValue
                0x0020d5ac                radiotimer_setPeriod
                0x0020d5f4                radiotimer_getPeriod
                0x0020d640                radiotimer_schedule
                0x0020d6a4                radiotimer_cancel
                0x0020d6f4                radiotimer_getCapturedTime
                0x0020d740                get_real_counter
                0x0020d780                radiotimer_isr_private
                0x0020d794                radiotimer_isr
 .text          0x0020d81c       0x8c build\cc2538em_armgcc\bsp\boards\cc2538em\libbsp.a(startup_gcc.o)
                0x0020d81c                NmiSR
                0x0020d828                FaultISR
                0x0020d830                IntDefaultHandler
                0x0020d838                ResetISR
 .text          0x0020d8a8      0x1d0 build\cc2538em_armgcc\bsp\boards\cc2538em\libbsp.a(uart.o)
                0x0020d8a8                uart_init
                0x0020d940                uart_setCallbacks
                0x0020d964                uart_enableInterrupts
                0x0020d978                uart_disableInterrupts
                0x0020d98c                uart_clearRxInterrupts
                0x0020d9a0                uart_clearTxInterrupts
                0x0020d9b4                uart_writeByte
                0x0020d9d4                uart_readByte
                0x0020da38                uart_tx_isr
                0x0020da58                uart_rx_isr
 .text          0x0020da78      0x820 build\cc2538em_armgcc\bsp\boards\cc2538em\libbsp.a(gpio.o)
                0x0020da78                GPIOGetIntNumber
                0x0020dae0                GPIODirModeSet
                0x0020db58                GPIODirModeGet
                0x0020dbb4                GPIOIntTypeSet
                0x0020dc5c                GPIOIntTypeGet
                0x0020dcd4                GPIOPinIntEnable
                0x0020dd00                GPIOPinIntDisable
                0x0020dd2c                GPIOPinIntStatus
                0x0020dd5c                GPIOPinIntClear
                0x0020dd7c                GPIOPortIntRegister
                0x0020dda4                GPIOPortIntUnregister
                0x0020ddc8                GPIOPinRead
                0x0020ddec                GPIOPinWrite
                0x0020de14                GPIOPinTypeGPIOInput
                0x0020de40                GPIOPinTypeGPIOOutput
                0x0020de6c                GPIOPinTypeI2C
                0x0020de98                GPIOPinTypeSSI
                0x0020dec4                GPIOPinTypeTimer
                0x0020def0                GPIOPinTypeUARTInput
                0x0020df1c                GPIOPinTypeUARTOutput
                0x0020df48                GPIOPowIntTypeSet
                0x0020dfe0                GPIOPowIntTypeGet
                0x0020e060                GPIOPowIntEnable
                0x0020e0d8                GPIOPowIntDisable
                0x0020e154                GPIOPowIntStatus
                0x0020e1d8                GPIOPowIntClear
                0x0020e250                GPIOIntWakeupEnable
                0x0020e274                GPIOIntWakeupDisable
 .text          0x0020e298      0x448 build\cc2538em_armgcc\bsp\boards\cc2538em\libbsp.a(interrupt.o)
                0x0020e2a0                IntMasterEnable
                0x0020e2b8                IntMasterDisable
                0x0020e2d0                IntRegister
                0x0020e334                IntUnregister
                0x0020e358                IntPriorityGroupingSet
                0x0020e388                IntPriorityGroupingGet
                0x0020e3d0                IntPrioritySet
                0x0020e430                IntPriorityGet
                0x0020e464                IntEnable
                0x0020e4f4                IntDisable
                0x0020e584                IntPendSet
                0x0020e5fc                IntPendClear
                0x0020e660                IntPriorityMaskSet
                0x0020e674                IntPriorityMaskGet
                0x0020e684                IntAltMapEnable
                0x0020e6a0                IntAltMapDisable
                0x0020e6bc                IntAltMapIsEnabled
 .text          0x0020e6e0      0x56c build\cc2538em_armgcc\bsp\boards\cc2538em\libbsp.a(ioc.o)
                0x0020e6e0                IOCPinConfigPeriphOutput
                0x0020e7a8                IOCPinConfigPeriphInput
                0x0020e954                IOCPadConfigSet
                0x0020ea20                IOCPadConfigGet
 .text          0x0020ec4c      0x1b4 build\cc2538em_armgcc\bsp\boards\cc2538em\libbsp.a(sleepmode.o)
                0x0020ec4c                SleepModeIntRegister
                0x0020ec68                SleepModeIntUnregister
                0x0020ec7c                SleepModeTimerCountGet
                0x0020eccc                SleepModeCaptureConfig
                0x0020ed04                SleepModeTimerCompareSet
                0x0020ed5c                SleepModeCaptureGet
                0x0020edac                SleepModeCaptureIsValid
                0x0020edd8                SleepModeCaptureNew
 .text          0x0020ee00      0x658 build\cc2538em_armgcc\bsp\boards\cc2538em\libbsp.a(sys_ctrl.o)
                0x0020ee00                SysCtrlClockSet
                0x0020eebc                SysCtrlClockGet
                0x0020ef64                SysCtrlIOClockSet
                0x0020ef98                SysCtrlIOClockGet
                0x0020f044                SysCtrlDelay
                0x0020f04c                SysCtrlReset
                0x0020f05c                SysCtrlSleep
                0x0020f068                SysCtrlDeepSleep
                0x0020f144                SysCtrlPeripheralPresent
                0x0020f1c0                SysCtrlPeripheralReset
                0x0020f248                SysCtrlPeripheralEnable
                0x0020f28c                SysCtrlPeripheralDisable
                0x0020f2d4                SysCtrlPeripheralSleepEnable
                0x0020f318                SysCtrlPeripheralSleepDisable
                0x0020f360                SysCtrlPeripheralDeepSleepEnable
                0x0020f3a4                SysCtrlPeripheralDeepSleepDisable
                0x0020f3ec                SysCtrlPowerModeSet
                0x0020f408                SysCtrlPowerModeGet
                0x0020f430                SysCtrlClockLossDetectEnable
 .text          0x0020f458      0x6f0 build\cc2538em_armgcc\bsp\boards\cc2538em\libbsp.a(uarthal.o)
                0x0020f458                UARTParityModeSet
                0x0020f480                UARTParityModeGet
                0x0020f4a0                UARTFIFOLevelSet
                0x0020f4c4                UARTFIFOLevelGet
                0x0020f4f8                UARTConfigSetExpClk
                0x0020f57c                UARTConfigGetExpClk
                0x0020f5e0                UARTEnable
                0x0020f618                UARTDisable
                0x0020f660                UARTFIFOEnable
                0x0020f684                UARTFIFODisable
                0x0020f6a8                UARTEnableSIR
                0x0020f6e8                UARTDisableSIR
                0x0020f70c                UARTTxIntModeSet
                0x0020f734                UARTTxIntModeGet
                0x0020f754                UARTCharsAvail
                0x0020f77c                UARTSpaceAvail
                0x0020f7a4                UARTCharGetNonBlocking
                0x0020f7d0                UARTCharGet
                0x0020f7f8                UARTCharPutNonBlocking
                0x0020f82c                UARTCharPut
                0x0020f858                UARTBreakCtl
                0x0020f894                UARTBusy
                0x0020f8bc                UARTIntRegister
                0x0020f8f0                UARTIntUnregister
                0x0020f920                UARTIntEnable
                0x0020f944                UARTIntDisable
                0x0020f96c                UARTIntStatus
                0x0020f998                UARTIntClear
                0x0020f9b4                UARTDMAEnable
                0x0020f9d8                UARTDMADisable
                0x0020fa00                UARTRxErrorGet
                0x0020fa20                UARTRxErrorClear
                0x0020fa3c                UARTClockSourceSet
                0x0020fa5c                UARTClockSourceGet
                0x0020fa78                UART9BitEnable
                0x0020fa9c                UART9BitDisable
                0x0020fac0                UART9BitAddrSet
                0x0020faec                UART9BitAddrSend
 .text          0x0020fb48      0x68c build\cc2538em_armgcc\bsp\boards\cc2538em\libbsp.a(sens_itf_mote.o)
                0x00210108                sens_itf_mote_sm
                0x002101a4                sens_itf_mote_init
 .text          0x002101d4       0x4c build\cc2538em_armgcc\bsp\boards\cc2538em\libbsp.a(cpu.o)
                0x002101d4                CPUcpsid
                0x002101e4                CPUprimask
                0x002101f0                CPUcpsie
                0x00210200                CPUwfi
                0x00210204                CPUwfe
                0x00210208                CPUsev
                0x0021020c                CPUbasepriSet
                0x00210214                CPUbasepriGet
 .text          0x00210220      0x9f8 build\cc2538em_armgcc\bsp\boards\cc2538em\libbsp.a(sens_itf.o)
                0x00210220                sens_itf_unpack_point_value
                0x0021033c                sens_itf_pack_point_value
                0x00210450                sens_itf_unpack_cmd_req
                0x002105d4                sens_itf_pack_cmd_res
                0x00210824                sens_itf_unpack_cmd_res
                0x00210abc                sens_itf_pack_cmd_req
 .text          0x00210c18      0xb60 build\cc2538em_armgcc\bsp\boards\cc2538em\libbsp.a(buf_io.o)
                0x00210c18                buf_io_swap16
                0x00210c44                buf_io_swap32
                0x00210c7c                buf_io_swap16p
                0x00210cbc                buf_io_swap32p
                0x00210d28                buf_io_swap8b
                0x00210da8                buf_io_get8_fl
                0x00210dc0                buf_io_get8_fb
                0x00210dd8                buf_io_get8_fl_apr
                0x00210e04                buf_io_get8_fb_apr
                0x00210e30                buf_io_get16_fl
                0x00210e5c                buf_io_get16_fb
                0x00210e88                buf_io_get16_fl_apr
                0x00210eb4                buf_io_get16_fb_apr
                0x00210ee0                buf_io_get32_fl
                0x00210f1c                buf_io_get32_fb
                0x00210f58                buf_io_get32_fl_apr
                0x00210f80                buf_io_get32_fb_apr
                0x00210fa8                buf_io_get64_fl
                0x00211040                buf_io_get64_fb
                0x002110d8                buf_io_get64_fl_apr
                0x00211108                buf_io_get64_fb_apr
                0x00211138                buf_io_getf_fl
                0x00211158                buf_io_getf_fb
                0x00211178                buf_io_getf_fl_apr
                0x002111a0                buf_io_getf_fb_apr
                0x002111c8                buf_io_getd_fl
                0x002111f0                buf_io_getd_fb
                0x00211218                buf_io_getd_fl_apr
                0x00211248                buf_io_getd_fb_apr
                0x00211278                buf_io_put8_tl
                0x00211294                buf_io_put8_tb
                0x002112b0                buf_io_put8_tl_apr
                0x002112dc                buf_io_put8_tb_apr
                0x00211308                buf_io_put16_tl
                0x00211334                buf_io_put16_tb
                0x00211360                buf_io_put16_tl_apr
                0x0021138c                buf_io_put16_tb_apr
                0x002113b8                buf_io_put32_tl
                0x002113f8                buf_io_put32_tb
                0x00211438                buf_io_put32_tl_apr
                0x00211460                buf_io_put32_tb_apr
                0x00211488                buf_io_put64_tl
                0x00211540                buf_io_put64_tb
                0x002115f8                buf_io_put64_tl_apr
                0x00211624                buf_io_put64_tb_apr
                0x00211650                buf_io_putf_tl
                0x0021166c                buf_io_putf_tb
                0x00211688                buf_io_putf_tl_apr
                0x002116b0                buf_io_putf_tb_apr
                0x002116d8                buf_io_putd_tl
                0x002116fc                buf_io_putd_tb
                0x00211720                buf_io_putd_tl_apr
                0x0021174c                buf_io_putd_tb_apr
 .text          0x00211778       0x6c build\cc2538em_armgcc\bsp\boards\cc2538em\libbsp.a(crc16.o)
                0x00211778                crc16_calc
 .text          0x002117e4      0x21c d:/apps/gnu_arm_toolchain/4.8_2013q4/bin/../lib/gcc/arm-none-eabi/4.8.3/armv7-m\libgcc.a(_arm_addsubsf3.o)
                0x002117e4                __aeabi_frsub
                0x002117ec                __subsf3
                0x002117ec                __aeabi_fsub
                0x002117f0                __aeabi_fadd
                0x002117f0                __addsf3
                0x00211950                __aeabi_ui2f
                0x00211950                __floatunsisf
                0x00211958                __aeabi_i2f
                0x00211958                __floatsisf
                0x00211974                __aeabi_ul2f
                0x00211974                __floatundisf
                0x00211984                __aeabi_l2f
                0x00211984                __floatdisf
 .text          0x00211a00      0x2a0 d:/apps/gnu_arm_toolchain/4.8_2013q4/bin/../lib/gcc/arm-none-eabi/4.8.3/armv7-m\libgcc.a(_arm_muldivsf3.o)
                0x00211a00                __mulsf3
                0x00211a00                __aeabi_fmul
                0x00211b68                __aeabi_fdiv
                0x00211b68                __divsf3
 .text          0x00211ca0       0x40 d:/apps/gnu_arm_toolchain/4.8_2013q4/bin/../lib/gcc/arm-none-eabi/4.8.3/armv7-m\libgcc.a(_arm_fixunssfsi.o)
                0x00211ca0                __fixunssfsi
                0x00211ca0                __aeabi_f2uiz
 .text          0x00211ce0        0x0 d:/apps/gnu_arm_toolchain/4.8_2013q4/bin/../lib/gcc/arm-none-eabi/4.8.3/../../../../arm-none-eabi/lib/armv7-m\libg.a(lib_a-memcmp.o)
 .text.memcmp   0x00211ce0       0x68 d:/apps/gnu_arm_toolchain/4.8_2013q4/bin/../lib/gcc/arm-none-eabi/4.8.3/../../../../arm-none-eabi/lib/armv7-m\libg.a(lib_a-memcmp.o)
                0x00211ce0                memcmp
 .text          0x00211d48       0xec d:/apps/gnu_arm_toolchain/4.8_2013q4/bin/../lib/gcc/arm-none-eabi/4.8.3/../../../../arm-none-eabi/lib/armv7-m\libg.a(lib_a-memcpy.o)
                0x00211d48                memcpy
 .text          0x00211e34        0x0 d:/apps/gnu_arm_toolchain/4.8_2013q4/bin/../lib/gcc/arm-none-eabi/4.8.3/../../../../arm-none-eabi/lib/armv7-m\libg.a(lib_a-memset.o)
 .text.memset   0x00211e34       0x94 d:/apps/gnu_arm_toolchain/4.8_2013q4/bin/../lib/gcc/arm-none-eabi/4.8.3/../../../../arm-none-eabi/lib/armv7-m\libg.a(lib_a-memset.o)
                0x00211e34                memset
 *(.rodata*)
 .rodata        0x00211ec8       0x30 firmware\openos\projects\common\03oos_openwsn\03oos_openwsn.o
 .rodata        0x00211ef8       0x80 build\cc2538em_armgcc\openwsn\libopenstack.a(openwsn.o)
 .rodata        0x00211f78       0x40 build\cc2538em_armgcc\openwsn\libopenstack.a(IEEE802154E.o)
 .rodata        0x00211fb8       0x40 build\cc2538em_armgcc\openwsn\libopenstack.a(adaptive_sync.o)
 .rodata        0x00211ff8       0x40 build\cc2538em_armgcc\openwsn\libopenstack.a(neighbors.o)
 .rodata        0x00212038       0x40 build\cc2538em_armgcc\openwsn\libopenstack.a(res.o)
 .rodata        0x00212078       0x30 build\cc2538em_armgcc\openwsn\libopenstack.a(schedule.o)
 .rodata        0x002120a8       0x40 build\cc2538em_armgcc\openwsn\libopenstack.a(iphc.o)
 .rodata        0x002120e8       0x30 build\cc2538em_armgcc\openwsn\libopenstack.a(openbridge.o)
 .rodata        0x00212118       0x40 build\cc2538em_armgcc\openwsn\libopenstack.a(forwarding.o)
 .rodata        0x00212158       0x40 build\cc2538em_armgcc\openwsn\libopenstack.a(icmpv6.o)
 .rodata        0x00212198       0x30 build\cc2538em_armgcc\openwsn\libopenstack.a(icmpv6echo.o)
 .rodata        0x002121c8       0x40 build\cc2538em_armgcc\openwsn\libopenstack.a(icmpv6rpl.o)
 .rodata        0x00212208       0x70 build\cc2538em_armgcc\openwsn\libopenstack.a(opencoap.o)
 .rodata        0x00212278       0x30 build\cc2538em_armgcc\openwsn\libopenstack.a(opentcp.o)
 .rodata        0x002122a8       0x70 build\cc2538em_armgcc\openwsn\libopenstack.a(openudp.o)
 .rodata        0x00212318       0x74 build\cc2538em_armgcc\openwsn\libopenstack.a(r6t.o)
                0x00212388                r6t_path0
 .rodata        0x0021238c       0x40 build\cc2538em_armgcc\openwsn\libopenstack.a(ohlone.o)
 .rodata        0x002123cc       0x48 build\cc2538em_armgcc\openwsn\libopenstack.a(ohlone_webpages.o)
 .rodata        0x00212414       0x74 build\cc2538em_armgcc\openwsn\libopenstack.a(rinfo.o)
                0x00212484                rinfo_path0
 .rodata        0x00212488       0x74 build\cc2538em_armgcc\openwsn\libopenstack.a(rrt.o)
                0x002124f8                rrt_path0
 .rodata        0x002124fc       0x74 build\cc2538em_armgcc\openwsn\libopenstack.a(rleds.o)
                0x0021256c                rleds_path0
 .rodata        0x00212570       0x84 build\cc2538em_armgcc\openwsn\libopenstack.a(rwellknown.o)
                0x002125e0                rwellknown_path0
                0x002125ec                rwellknown_path1
 .rodata        0x002125f4       0x84 build\cc2538em_armgcc\openwsn\libopenstack.a(sensors.o)
                0x00212664                sensors_path0
 .rodata        0x00212678       0x30 build\cc2538em_armgcc\openwsn\libopenstack.a(tcpecho.o)
 .rodata        0x002126a8       0x30 build\cc2538em_armgcc\openwsn\libopenstack.a(tcpinject.o)
 .rodata        0x002126d8       0x30 build\cc2538em_armgcc\openwsn\libopenstack.a(tcpprint.o)
 .rodata        0x00212708       0x30 build\cc2538em_armgcc\openwsn\libopenstack.a(udpecho.o)
 .rodata        0x00212738       0x30 build\cc2538em_armgcc\openwsn\libopenstack.a(udpinject.o)
 .rodata        0x00212768       0x30 build\cc2538em_armgcc\openwsn\libopenstack.a(udpprint.o)
 .rodata        0x00212798       0x70 build\cc2538em_armgcc\openwsn\libopenstack.a(udprand.o)
 .rodata        0x00212808       0x80 build\cc2538em_armgcc\openwsn\libopenstack.a(udplatency.o)
 .rodata        0x00212888       0x40 build\cc2538em_armgcc\openwsn\libopenstack.a(idmanager.o)
 .rodata        0x002128c8       0x30 build\cc2538em_armgcc\openwsn\libopenstack.a(openqueue.o)
 .rodata        0x002128f8       0x30 build\cc2538em_armgcc\openwsn\libopenstack.a(openrandom.o)
 .rodata        0x00212928       0x30 build\cc2538em_armgcc\openwsn\libopenstack.a(packetfunctions.o)
 .rodata        0x00212958       0x30 build\cc2538em_armgcc\openwsn\libopenstack.a(IEEE802154.o)
 .rodata        0x00212988       0x30 build\cc2538em_armgcc\openwsn\libopenstack.a(topology.o)
 .rodata        0x002129b8       0x30 build\cc2538em_armgcc\kernel\openos\libopenos.a(scheduler.o)
 .rodata        0x002129e8      0x240 build\cc2538em_armgcc\drivers\libdrivers.a(openserial.o)
 .rodata        0x00212c28       0x30 build\cc2538em_armgcc\drivers\libdrivers.a(opentimers.o)
 .rodata        0x00212c58      0x230 build\cc2538em_armgcc\drivers\libdrivers.a(openhdlc.o)
 .rodata        0x00212e88       0x24 build\cc2538em_armgcc\bsp\boards\cc2538em\libbsp.a(board.o)
 .rodata        0x00212eac       0x24 build\cc2538em_armgcc\bsp\boards\cc2538em\libbsp.a(bsp_timer.o)
 .rodata        0x00212ed0       0x24 build\cc2538em_armgcc\bsp\boards\cc2538em\libbsp.a(debugpins.o)
 .rodata        0x00212ef4       0x24 build\cc2538em_armgcc\bsp\boards\cc2538em\libbsp.a(leds.o)
 .rodata        0x00212f18       0x24 build\cc2538em_armgcc\bsp\boards\cc2538em\libbsp.a(radio.o)
 .rodata        0x00212f3c       0x24 build\cc2538em_armgcc\bsp\boards\cc2538em\libbsp.a(radiotimer.o)
 .rodata        0x00212f60       0x24 build\cc2538em_armgcc\bsp\boards\cc2538em\libbsp.a(uart.o)
 .rodata        0x00212f84      0x114 build\cc2538em_armgcc\bsp\boards\cc2538em\libbsp.a(interrupt.o)
 .rodata        0x00213098      0x100 build\cc2538em_armgcc\bsp\boards\cc2538em\libbsp.a(ioc.o)
 .rodata        0x00213198       0x74 build\cc2538em_armgcc\bsp\boards\cc2538em\libbsp.a(sys_ctrl.o)
 .rodata        0x0021320c       0x3c build\cc2538em_armgcc\bsp\boards\cc2538em\libbsp.a(sens_itf_mote.o)
 .rodata        0x00213248      0x200 build\cc2538em_armgcc\bsp\boards\cc2538em\libbsp.a(crc16.o)
                0x00213448                _etext = .

.glue_7         0x00213448        0x0
 .glue_7        0x00000000        0x0 linker stubs

.glue_7t        0x00213448        0x0
 .glue_7t       0x00000000        0x0 linker stubs

.vfp11_veneer   0x00213448        0x0
 .vfp11_veneer  0x00000000        0x0 linker stubs

.v4_bx          0x00213448        0x0
 .v4_bx         0x00000000        0x0 linker stubs

.iplt           0x00213448        0x0
 .iplt          0x00000000        0x0 firmware\openos\projects\common\03oos_openwsn\03oos_openwsn.o

.data           0x20004000      0x478 load address 0x00213448
                0x20004000                _data = .
 *(vtable)
 vtable         0x20004000      0x400 build\cc2538em_armgcc\bsp\boards\cc2538em\libbsp.a(interrupt.o)
 *(.data*)
 .data          0x20004400        0x0 firmware\openos\projects\common\03oos_openwsn\03oos_openwsn.o
 .data          0x20004400        0x0 build\cc2538em_armgcc\openwsn\libopenstack.a(openwsn.o)
 .data          0x20004400        0x0 build\cc2538em_armgcc\openwsn\libopenstack.a(IEEE802154E.o)
 .data          0x20004400        0x0 build\cc2538em_armgcc\openwsn\libopenstack.a(adaptive_sync.o)
 .data          0x20004400        0x0 build\cc2538em_armgcc\openwsn\libopenstack.a(neighbors.o)
 .data          0x20004400        0x0 build\cc2538em_armgcc\openwsn\libopenstack.a(res.o)
 .data          0x20004400        0x0 build\cc2538em_armgcc\openwsn\libopenstack.a(schedule.o)
 .data          0x20004400        0x0 build\cc2538em_armgcc\openwsn\libopenstack.a(iphc.o)
 .data          0x20004400        0x0 build\cc2538em_armgcc\openwsn\libopenstack.a(openbridge.o)
 .data          0x20004400        0x0 build\cc2538em_armgcc\openwsn\libopenstack.a(forwarding.o)
 .data          0x20004400        0x0 build\cc2538em_armgcc\openwsn\libopenstack.a(icmpv6.o)
 .data          0x20004400        0x0 build\cc2538em_armgcc\openwsn\libopenstack.a(icmpv6echo.o)
 .data          0x20004400        0x0 build\cc2538em_armgcc\openwsn\libopenstack.a(icmpv6rpl.o)
 .data          0x20004400        0x0 build\cc2538em_armgcc\openwsn\libopenstack.a(opencoap.o)
 .data          0x20004400        0x0 build\cc2538em_armgcc\openwsn\libopenstack.a(opentcp.o)
 .data          0x20004400        0x0 build\cc2538em_armgcc\openwsn\libopenstack.a(openudp.o)
 .data          0x20004400        0x0 build\cc2538em_armgcc\openwsn\libopenstack.a(r6t.o)
 .data          0x20004400        0x0 build\cc2538em_armgcc\openwsn\libopenstack.a(ohlone.o)
 .data          0x20004400        0x0 build\cc2538em_armgcc\openwsn\libopenstack.a(ohlone_webpages.o)
 .data          0x20004400        0x0 build\cc2538em_armgcc\openwsn\libopenstack.a(rinfo.o)
 .data          0x20004400        0x0 build\cc2538em_armgcc\openwsn\libopenstack.a(rrt.o)
 .data          0x20004400        0x0 build\cc2538em_armgcc\openwsn\libopenstack.a(rleds.o)
 .data          0x20004400        0x0 build\cc2538em_armgcc\openwsn\libopenstack.a(rwellknown.o)
 .data          0x20004400        0x0 build\cc2538em_armgcc\openwsn\libopenstack.a(sensors.o)
 .data          0x20004400        0x0 build\cc2538em_armgcc\openwsn\libopenstack.a(tcpecho.o)
 .data          0x20004400        0x0 build\cc2538em_armgcc\openwsn\libopenstack.a(tcpinject.o)
 .data          0x20004400        0x0 build\cc2538em_armgcc\openwsn\libopenstack.a(tcpprint.o)
 .data          0x20004400        0x0 build\cc2538em_armgcc\openwsn\libopenstack.a(udpecho.o)
 .data          0x20004400        0x0 build\cc2538em_armgcc\openwsn\libopenstack.a(udpinject.o)
 .data          0x20004400        0x0 build\cc2538em_armgcc\openwsn\libopenstack.a(udpprint.o)
 .data          0x20004400        0x0 build\cc2538em_armgcc\openwsn\libopenstack.a(udprand.o)
 .data          0x20004400        0x0 build\cc2538em_armgcc\openwsn\libopenstack.a(udplatency.o)
 .data          0x20004400        0x0 build\cc2538em_armgcc\openwsn\libopenstack.a(idmanager.o)
 .data          0x20004400        0x0 build\cc2538em_armgcc\openwsn\libopenstack.a(openqueue.o)
 .data          0x20004400        0x0 build\cc2538em_armgcc\openwsn\libopenstack.a(openrandom.o)
 .data          0x20004400        0x0 build\cc2538em_armgcc\openwsn\libopenstack.a(packetfunctions.o)
 .data          0x20004400        0x0 build\cc2538em_armgcc\openwsn\libopenstack.a(IEEE802154.o)
 .data          0x20004400        0x0 build\cc2538em_armgcc\openwsn\libopenstack.a(topology.o)
 .data          0x20004400        0x0 build\cc2538em_armgcc\kernel\openos\libopenos.a(scheduler.o)
 .data          0x20004400        0x0 build\cc2538em_armgcc\drivers\libdrivers.a(openserial.o)
 .data          0x20004400        0x0 build\cc2538em_armgcc\drivers\libdrivers.a(opentimers.o)
 .data          0x20004400        0x0 build\cc2538em_armgcc\drivers\libdrivers.a(openhdlc.o)
 .data          0x20004400        0x0 build\cc2538em_armgcc\bsp\boards\cc2538em\libbsp.a(board.o)
 .data          0x20004400        0x0 build\cc2538em_armgcc\bsp\boards\cc2538em\libbsp.a(bsp_timer.o)
 .data          0x20004400        0x0 build\cc2538em_armgcc\bsp\boards\cc2538em\libbsp.a(debugpins.o)
 .data          0x20004400        0x0 build\cc2538em_armgcc\bsp\boards\cc2538em\libbsp.a(eui64.o)
 .data          0x20004400        0x0 build\cc2538em_armgcc\bsp\boards\cc2538em\libbsp.a(leds.o)
 .data          0x20004400        0x0 build\cc2538em_armgcc\bsp\boards\cc2538em\libbsp.a(radio.o)
 .data          0x20004400        0x0 build\cc2538em_armgcc\bsp\boards\cc2538em\libbsp.a(radiotimer.o)
 .data          0x20004400        0x0 build\cc2538em_armgcc\bsp\boards\cc2538em\libbsp.a(startup_gcc.o)
 .data          0x20004400        0x0 build\cc2538em_armgcc\bsp\boards\cc2538em\libbsp.a(uart.o)
 .data          0x20004400        0x0 build\cc2538em_armgcc\bsp\boards\cc2538em\libbsp.a(gpio.o)
 .data          0x20004400        0x0 build\cc2538em_armgcc\bsp\boards\cc2538em\libbsp.a(interrupt.o)
 .data          0x20004400        0x0 build\cc2538em_armgcc\bsp\boards\cc2538em\libbsp.a(ioc.o)
 .data          0x20004400        0x0 build\cc2538em_armgcc\bsp\boards\cc2538em\libbsp.a(sleepmode.o)
 .data          0x20004400        0x0 build\cc2538em_armgcc\bsp\boards\cc2538em\libbsp.a(sys_ctrl.o)
 .data          0x20004400        0x0 build\cc2538em_armgcc\bsp\boards\cc2538em\libbsp.a(uarthal.o)
 .data          0x20004400       0x78 build\cc2538em_armgcc\bsp\boards\cc2538em\libbsp.a(sens_itf_mote.o)
                0x20004400                sens_itf_mote_sm_table
 .data          0x20004478        0x0 build\cc2538em_armgcc\bsp\boards\cc2538em\libbsp.a(cpu.o)
 .data          0x20004478        0x0 build\cc2538em_armgcc\bsp\boards\cc2538em\libbsp.a(sens_itf.o)
 .data          0x20004478        0x0 build\cc2538em_armgcc\bsp\boards\cc2538em\libbsp.a(buf_io.o)
 .data          0x20004478        0x0 build\cc2538em_armgcc\bsp\boards\cc2538em\libbsp.a(crc16.o)
 .data          0x20004478        0x0 d:/apps/gnu_arm_toolchain/4.8_2013q4/bin/../lib/gcc/arm-none-eabi/4.8.3/armv7-m\libgcc.a(_arm_addsubsf3.o)
 .data          0x20004478        0x0 d:/apps/gnu_arm_toolchain/4.8_2013q4/bin/../lib/gcc/arm-none-eabi/4.8.3/armv7-m\libgcc.a(_arm_muldivsf3.o)
 .data          0x20004478        0x0 d:/apps/gnu_arm_toolchain/4.8_2013q4/bin/../lib/gcc/arm-none-eabi/4.8.3/armv7-m\libgcc.a(_arm_fixunssfsi.o)
 .data          0x20004478        0x0 d:/apps/gnu_arm_toolchain/4.8_2013q4/bin/../lib/gcc/arm-none-eabi/4.8.3/../../../../arm-none-eabi/lib/armv7-m\libg.a(lib_a-memcmp.o)
 .data          0x20004478        0x0 d:/apps/gnu_arm_toolchain/4.8_2013q4/bin/../lib/gcc/arm-none-eabi/4.8.3/../../../../arm-none-eabi/lib/armv7-m\libg.a(lib_a-memcpy.o)
 .data          0x20004478        0x0 d:/apps/gnu_arm_toolchain/4.8_2013q4/bin/../lib/gcc/arm-none-eabi/4.8.3/../../../../arm-none-eabi/lib/armv7-m\libg.a(lib_a-memset.o)
                0x20004478                _edata = .

.igot.plt       0x20004478        0x0 load address 0x002138c0
 .igot.plt      0x00000000        0x0 firmware\openos\projects\common\03oos_openwsn\03oos_openwsn.o

.ARM.exidx
 *(.ARM.exidx*)

.bss            0x20004478     0x1a4c
                0x20004478                _bss = .
 *(.bss*)
 .bss           0x20004478        0x0 firmware\openos\projects\common\03oos_openwsn\03oos_openwsn.o
 .bss           0x20004478        0x0 build\cc2538em_armgcc\openwsn\libopenstack.a(openwsn.o)
 .bss           0x20004478        0x0 build\cc2538em_armgcc\openwsn\libopenstack.a(IEEE802154E.o)
 .bss           0x20004478        0x0 build\cc2538em_armgcc\openwsn\libopenstack.a(adaptive_sync.o)
 .bss           0x20004478        0x0 build\cc2538em_armgcc\openwsn\libopenstack.a(neighbors.o)
 .bss           0x20004478        0x0 build\cc2538em_armgcc\openwsn\libopenstack.a(res.o)
 .bss           0x20004478        0x0 build\cc2538em_armgcc\openwsn\libopenstack.a(schedule.o)
 .bss           0x20004478        0x0 build\cc2538em_armgcc\openwsn\libopenstack.a(iphc.o)
 .bss           0x20004478        0x0 build\cc2538em_armgcc\openwsn\libopenstack.a(openbridge.o)
 .bss           0x20004478        0x0 build\cc2538em_armgcc\openwsn\libopenstack.a(forwarding.o)
 .bss           0x20004478        0x0 build\cc2538em_armgcc\openwsn\libopenstack.a(icmpv6.o)
 .bss           0x20004478        0x0 build\cc2538em_armgcc\openwsn\libopenstack.a(icmpv6echo.o)
 .bss           0x20004478        0x0 build\cc2538em_armgcc\openwsn\libopenstack.a(icmpv6rpl.o)
 .bss           0x20004478        0x0 build\cc2538em_armgcc\openwsn\libopenstack.a(opencoap.o)
 .bss           0x20004478        0x0 build\cc2538em_armgcc\openwsn\libopenstack.a(opentcp.o)
 .bss           0x20004478        0x0 build\cc2538em_armgcc\openwsn\libopenstack.a(openudp.o)
 .bss           0x20004478        0x0 build\cc2538em_armgcc\openwsn\libopenstack.a(r6t.o)
 .bss           0x20004478        0x0 build\cc2538em_armgcc\openwsn\libopenstack.a(ohlone.o)
 .bss           0x20004478        0x0 build\cc2538em_armgcc\openwsn\libopenstack.a(ohlone_webpages.o)
 .bss           0x20004478        0x0 build\cc2538em_armgcc\openwsn\libopenstack.a(rinfo.o)
 .bss           0x20004478        0x0 build\cc2538em_armgcc\openwsn\libopenstack.a(rrt.o)
 .bss           0x20004478        0x0 build\cc2538em_armgcc\openwsn\libopenstack.a(rleds.o)
 .bss           0x20004478        0x0 build\cc2538em_armgcc\openwsn\libopenstack.a(rwellknown.o)
 .bss           0x20004478        0x0 build\cc2538em_armgcc\openwsn\libopenstack.a(sensors.o)
 .bss           0x20004478        0x0 build\cc2538em_armgcc\openwsn\libopenstack.a(tcpecho.o)
 .bss           0x20004478        0x0 build\cc2538em_armgcc\openwsn\libopenstack.a(tcpinject.o)
 .bss           0x20004478        0x0 build\cc2538em_armgcc\openwsn\libopenstack.a(tcpprint.o)
 .bss           0x20004478        0x0 build\cc2538em_armgcc\openwsn\libopenstack.a(udpecho.o)
 .bss           0x20004478        0x0 build\cc2538em_armgcc\openwsn\libopenstack.a(udpinject.o)
 .bss           0x20004478        0x0 build\cc2538em_armgcc\openwsn\libopenstack.a(udpprint.o)
 .bss           0x20004478        0x0 build\cc2538em_armgcc\openwsn\libopenstack.a(udprand.o)
 .bss           0x20004478        0x0 build\cc2538em_armgcc\openwsn\libopenstack.a(udplatency.o)
 .bss           0x20004478        0x0 build\cc2538em_armgcc\openwsn\libopenstack.a(idmanager.o)
 .bss           0x20004478        0x0 build\cc2538em_armgcc\openwsn\libopenstack.a(openqueue.o)
 .bss           0x20004478        0x0 build\cc2538em_armgcc\openwsn\libopenstack.a(openrandom.o)
 .bss           0x20004478        0x0 build\cc2538em_armgcc\openwsn\libopenstack.a(packetfunctions.o)
 .bss           0x20004478        0x0 build\cc2538em_armgcc\openwsn\libopenstack.a(IEEE802154.o)
 .bss           0x20004478        0x0 build\cc2538em_armgcc\openwsn\libopenstack.a(topology.o)
 .bss           0x20004478        0x0 build\cc2538em_armgcc\kernel\openos\libopenos.a(scheduler.o)
 .bss           0x20004478        0x0 build\cc2538em_armgcc\drivers\libdrivers.a(openserial.o)
 .bss           0x20004478        0x0 build\cc2538em_armgcc\drivers\libdrivers.a(opentimers.o)
 .bss           0x20004478        0x0 build\cc2538em_armgcc\drivers\libdrivers.a(openhdlc.o)
 .bss           0x20004478        0x0 build\cc2538em_armgcc\bsp\boards\cc2538em\libbsp.a(board.o)
 .bss           0x20004478        0x0 build\cc2538em_armgcc\bsp\boards\cc2538em\libbsp.a(bsp_timer.o)
 .bss           0x20004478        0x0 build\cc2538em_armgcc\bsp\boards\cc2538em\libbsp.a(debugpins.o)
 .bss           0x20004478        0x0 build\cc2538em_armgcc\bsp\boards\cc2538em\libbsp.a(eui64.o)
 .bss           0x20004478        0x0 build\cc2538em_armgcc\bsp\boards\cc2538em\libbsp.a(leds.o)
 .bss           0x20004478        0x0 build\cc2538em_armgcc\bsp\boards\cc2538em\libbsp.a(radio.o)
 .bss           0x20004478        0x0 build\cc2538em_armgcc\bsp\boards\cc2538em\libbsp.a(radiotimer.o)
 .bss           0x20004478      0x200 build\cc2538em_armgcc\bsp\boards\cc2538em\libbsp.a(startup_gcc.o)
 .bss           0x20004678        0x0 build\cc2538em_armgcc\bsp\boards\cc2538em\libbsp.a(uart.o)
 .bss           0x20004678        0x0 build\cc2538em_armgcc\bsp\boards\cc2538em\libbsp.a(gpio.o)
 .bss           0x20004678        0x0 build\cc2538em_armgcc\bsp\boards\cc2538em\libbsp.a(interrupt.o)
 .bss           0x20004678        0x0 build\cc2538em_armgcc\bsp\boards\cc2538em\libbsp.a(ioc.o)
 .bss           0x20004678        0x0 build\cc2538em_armgcc\bsp\boards\cc2538em\libbsp.a(sleepmode.o)
 .bss           0x20004678        0x0 build\cc2538em_armgcc\bsp\boards\cc2538em\libbsp.a(sys_ctrl.o)
 .bss           0x20004678        0x0 build\cc2538em_armgcc\bsp\boards\cc2538em\libbsp.a(uarthal.o)
 .bss           0x20004678      0x6b0 build\cc2538em_armgcc\bsp\boards\cc2538em\libbsp.a(sens_itf_mote.o)
 .bss           0x20004d28        0x0 build\cc2538em_armgcc\bsp\boards\cc2538em\libbsp.a(cpu.o)
 .bss           0x20004d28        0x0 build\cc2538em_armgcc\bsp\boards\cc2538em\libbsp.a(sens_itf.o)
 .bss           0x20004d28        0x0 build\cc2538em_armgcc\bsp\boards\cc2538em\libbsp.a(buf_io.o)
 .bss           0x20004d28        0x0 build\cc2538em_armgcc\bsp\boards\cc2538em\libbsp.a(crc16.o)
 .bss           0x20004d28        0x0 d:/apps/gnu_arm_toolchain/4.8_2013q4/bin/../lib/gcc/arm-none-eabi/4.8.3/armv7-m\libgcc.a(_arm_addsubsf3.o)
 .bss           0x20004d28        0x0 d:/apps/gnu_arm_toolchain/4.8_2013q4/bin/../lib/gcc/arm-none-eabi/4.8.3/armv7-m\libgcc.a(_arm_muldivsf3.o)
 .bss           0x20004d28        0x0 d:/apps/gnu_arm_toolchain/4.8_2013q4/bin/../lib/gcc/arm-none-eabi/4.8.3/armv7-m\libgcc.a(_arm_fixunssfsi.o)
 .bss           0x20004d28        0x0 d:/apps/gnu_arm_toolchain/4.8_2013q4/bin/../lib/gcc/arm-none-eabi/4.8.3/../../../../arm-none-eabi/lib/armv7-m\libg.a(lib_a-memcmp.o)
 .bss           0x20004d28        0x0 d:/apps/gnu_arm_toolchain/4.8_2013q4/bin/../lib/gcc/arm-none-eabi/4.8.3/../../../../arm-none-eabi/lib/armv7-m\libg.a(lib_a-memcpy.o)
 .bss           0x20004d28        0x0 d:/apps/gnu_arm_toolchain/4.8_2013q4/bin/../lib/gcc/arm-none-eabi/4.8.3/../../../../arm-none-eabi/lib/armv7-m\libg.a(lib_a-memset.o)
 *(COMMON)
 COMMON         0x20004d28       0x5c build\cc2538em_armgcc\openwsn\libopenstack.a(IEEE802154E.o)
                0x20004d28                ieee154e_vars
                0x20004d64                ieee154e_stats
                0x20004d74                ieee154e_dbg
 COMMON         0x20004d84       0x2c build\cc2538em_armgcc\openwsn\libopenstack.a(adaptive_sync.o)
                0x20004d84                adaptive_sync_vars
 COMMON         0x20004db0      0x15c build\cc2538em_armgcc\openwsn\libopenstack.a(neighbors.o)
                0x20004db0                neighbors_vars
 COMMON         0x20004f0c        0xa build\cc2538em_armgcc\openwsn\libopenstack.a(res.o)
                0x20004f0c                res_vars
 *fill*         0x20004f16        0x2 
 COMMON         0x20004f18      0x144 build\cc2538em_armgcc\openwsn\libopenstack.a(schedule.o)
                0x20004f18                schedule_dbg
                0x20004f1c                schedule_vars
 COMMON         0x2000505c       0x14 build\cc2538em_armgcc\openwsn\libopenstack.a(icmpv6echo.o)
                0x2000505c                icmpv6echo_vars
 COMMON         0x20005070       0x54 build\cc2538em_armgcc\openwsn\libopenstack.a(icmpv6rpl.o)
                0x20005070                icmpv6rpl_vars
 COMMON         0x200050c4        0x8 build\cc2538em_armgcc\openwsn\libopenstack.a(opencoap.o)
                0x200050c4                opencoap_vars
 COMMON         0x200050cc       0x30 build\cc2538em_armgcc\openwsn\libopenstack.a(opentcp.o)
                0x200050cc                tcp_vars
 COMMON         0x200050fc       0x24 build\cc2538em_armgcc\openwsn\libopenstack.a(r6t.o)
                0x200050fc                r6t_vars
 COMMON         0x20005120       0x38 build\cc2538em_armgcc\openwsn\libopenstack.a(ohlone.o)
                0x20005120                ohlone_vars
 COMMON         0x20005158       0x24 build\cc2538em_armgcc\openwsn\libopenstack.a(rinfo.o)
                0x20005158                rinfo_vars
 COMMON         0x2000517c       0x24 build\cc2538em_armgcc\openwsn\libopenstack.a(rrt.o)
                0x2000517c                rrt_vars
 COMMON         0x200051a0       0x24 build\cc2538em_armgcc\openwsn\libopenstack.a(rleds.o)
                0x200051a0                rleds_vars
 COMMON         0x200051c4       0x24 build\cc2538em_armgcc\openwsn\libopenstack.a(rwellknown.o)
                0x200051c4                rwellknown_vars
 COMMON         0x200051e8       0x24 build\cc2538em_armgcc\openwsn\libopenstack.a(sensors.o)
                0x200051e8                sensors_vars
 COMMON         0x2000520c       0x18 build\cc2538em_armgcc\openwsn\libopenstack.a(tcpinject.o)
                0x2000520c                tcpinject_vars
 COMMON         0x20005224        0x1 build\cc2538em_armgcc\openwsn\libopenstack.a(udprand.o)
                0x20005224                udprand_vars
 *fill*         0x20005225        0x3 
 COMMON         0x20005228        0x5 build\cc2538em_armgcc\openwsn\libopenstack.a(udplatency.o)
                0x20005228                seqNum
                0x2000522c                udplatency_vars
 *fill*         0x2000522d        0x3 
 COMMON         0x20005230       0x46 build\cc2538em_armgcc\openwsn\libopenstack.a(idmanager.o)
                0x20005230                idmanager_vars
 *fill*         0x20005276        0x2 
 COMMON         0x20005278      0x8e8 build\cc2538em_armgcc\openwsn\libopenstack.a(openqueue.o)
                0x20005278                openqueue_vars
 COMMON         0x20005b60        0x2 build\cc2538em_armgcc\openwsn\libopenstack.a(openrandom.o)
                0x20005b60                random_vars
 *fill*         0x20005b62        0x2 
 COMMON         0x20005b64       0x82 build\cc2538em_armgcc\kernel\openos\libopenos.a(scheduler.o)
                0x20005b64                scheduler_vars
                0x20005be4                scheduler_dbg
 *fill*         0x20005be6        0x2 
 COMMON         0x20005be8      0x1dc build\cc2538em_armgcc\drivers\libdrivers.a(openserial.o)
                0x20005be8                openserial_vars
 COMMON         0x20005dc4       0xd0 build\cc2538em_armgcc\drivers\libdrivers.a(opentimers.o)
                0x20005dc4                opentimers_vars
 COMMON         0x20005e94       0x14 build\cc2538em_armgcc\bsp\boards\cc2538em\libbsp.a(bsp_timer.o)
                0x20005e94                bsp_timer_vars
 COMMON         0x20005ea8        0xc build\cc2538em_armgcc\bsp\boards\cc2538em\libbsp.a(radio.o)
                0x20005ea8                radio_vars
 COMMON         0x20005eb4        0x8 build\cc2538em_armgcc\bsp\boards\cc2538em\libbsp.a(radiotimer.o)
                0x20005eb4                radiotimer_vars
 COMMON         0x20005ebc        0x8 build\cc2538em_armgcc\bsp\boards\cc2538em\libbsp.a(uart.o)
                0x20005ebc                uart_vars
                0x20005ec4                _ebss = .

.flashcca       0x0027ffd4        0xc
 *(.flashcca)
 .flashcca      0x0027ffd4        0xc build\cc2538em_armgcc\bsp\boards\cc2538em\libbsp.a(startup_gcc.o)
                0x0027ffd4                __cca
OUTPUT(firmware\openos\projects\common\03oos_openwsn_prog.exe elf32-littlearm)

.rel.dyn        0x0027ffe0        0x0
 .rel.iplt      0x00000000        0x0 firmware\openos\projects\common\03oos_openwsn\03oos_openwsn.o

.debug_info     0x00000000    0x1cebd
 .debug_info    0x00000000      0x153 firmware\openos\projects\common\03oos_openwsn\03oos_openwsn.o
 .debug_info    0x00000153      0x48a build\cc2538em_armgcc\openwsn\libopenstack.a(openwsn.o)
 .debug_info    0x000005dd     0x15ea build\cc2538em_armgcc\openwsn\libopenstack.a(IEEE802154E.o)
 .debug_info    0x00001bc7      0x4bf build\cc2538em_armgcc\openwsn\libopenstack.a(adaptive_sync.o)
 .debug_info    0x00002086      0xf05 build\cc2538em_armgcc\openwsn\libopenstack.a(neighbors.o)
 .debug_info    0x00002f8b      0xb32 build\cc2538em_armgcc\openwsn\libopenstack.a(res.o)
 .debug_info    0x00003abd      0xc63 build\cc2538em_armgcc\openwsn\libopenstack.a(schedule.o)
 .debug_info    0x00004720      0xe7b build\cc2538em_armgcc\openwsn\libopenstack.a(iphc.o)
 .debug_info    0x0000559b      0x78c build\cc2538em_armgcc\openwsn\libopenstack.a(openbridge.o)
 .debug_info    0x00005d27      0xbc9 build\cc2538em_armgcc\openwsn\libopenstack.a(forwarding.o)
 .debug_info    0x000068f0      0x7d2 build\cc2538em_armgcc\openwsn\libopenstack.a(icmpv6.o)
 .debug_info    0x000070c2      0x873 build\cc2538em_armgcc\openwsn\libopenstack.a(icmpv6echo.o)
 .debug_info    0x00007935      0xbe2 build\cc2538em_armgcc\openwsn\libopenstack.a(icmpv6rpl.o)
 .debug_info    0x00008517      0xcf3 build\cc2538em_armgcc\openwsn\libopenstack.a(opencoap.o)
 .debug_info    0x0000920a      0xd50 build\cc2538em_armgcc\openwsn\libopenstack.a(opentcp.o)
 .debug_info    0x00009f5a      0x8dd build\cc2538em_armgcc\openwsn\libopenstack.a(openudp.o)
 .debug_info    0x0000a837      0xc4d build\cc2538em_armgcc\openwsn\libopenstack.a(r6t.o)
 .debug_info    0x0000b484      0x84f build\cc2538em_armgcc\openwsn\libopenstack.a(ohlone.o)
 .debug_info    0x0000bcd3      0x2cc build\cc2538em_armgcc\openwsn\libopenstack.a(ohlone_webpages.o)
 .debug_info    0x0000bf9f      0x941 build\cc2538em_armgcc\openwsn\libopenstack.a(rinfo.o)
 .debug_info    0x0000c8e0      0x951 build\cc2538em_armgcc\openwsn\libopenstack.a(rrt.o)
 .debug_info    0x0000d231      0x941 build\cc2538em_armgcc\openwsn\libopenstack.a(rleds.o)
 .debug_info    0x0000db72      0x9a4 build\cc2538em_armgcc\openwsn\libopenstack.a(rwellknown.o)
 .debug_info    0x0000e516      0x931 build\cc2538em_armgcc\openwsn\libopenstack.a(sensors.o)
 .debug_info    0x0000ee47      0x7cd build\cc2538em_armgcc\openwsn\libopenstack.a(tcpecho.o)
 .debug_info    0x0000f614      0x8e4 build\cc2538em_armgcc\openwsn\libopenstack.a(tcpinject.o)
 .debug_info    0x0000fef8      0x48f build\cc2538em_armgcc\openwsn\libopenstack.a(tcpprint.o)
 .debug_info    0x00010387      0x7d5 build\cc2538em_armgcc\openwsn\libopenstack.a(udpecho.o)
 .debug_info    0x00010b5c      0x864 build\cc2538em_armgcc\openwsn\libopenstack.a(udpinject.o)
 .debug_info    0x000113c0      0x708 build\cc2538em_armgcc\openwsn\libopenstack.a(udpprint.o)
 .debug_info    0x00011ac8      0x932 build\cc2538em_armgcc\openwsn\libopenstack.a(udprand.o)
 .debug_info    0x000123fa      0x977 build\cc2538em_armgcc\openwsn\libopenstack.a(udplatency.o)
 .debug_info    0x00012d71      0x7f6 build\cc2538em_armgcc\openwsn\libopenstack.a(idmanager.o)
 .debug_info    0x00013567      0xa1f build\cc2538em_armgcc\openwsn\libopenstack.a(openqueue.o)
 .debug_info    0x00013f86      0x1fd build\cc2538em_armgcc\openwsn\libopenstack.a(openrandom.o)
 .debug_info    0x00014183      0xc2a build\cc2538em_armgcc\openwsn\libopenstack.a(packetfunctions.o)
 .debug_info    0x00014dad      0x94d build\cc2538em_armgcc\openwsn\libopenstack.a(IEEE802154.o)
 .debug_info    0x000156fa      0x2bb build\cc2538em_armgcc\openwsn\libopenstack.a(topology.o)
 .debug_info    0x000159b5      0x313 build\cc2538em_armgcc\kernel\openos\libopenos.a(scheduler.o)
 .debug_info    0x00015cc8      0xaa4 build\cc2538em_armgcc\drivers\libdrivers.a(openserial.o)
 .debug_info    0x0001676c      0x3fe build\cc2538em_armgcc\drivers\libdrivers.a(opentimers.o)
 .debug_info    0x00016b6a      0x1a5 build\cc2538em_armgcc\drivers\libdrivers.a(openhdlc.o)
 .debug_info    0x00016d0f      0x23b build\cc2538em_armgcc\bsp\boards\cc2538em\libbsp.a(board.o)
 .debug_info    0x00016f4a      0x294 build\cc2538em_armgcc\bsp\boards\cc2538em\libbsp.a(bsp_timer.o)
 .debug_info    0x000171de      0x29f build\cc2538em_armgcc\bsp\boards\cc2538em\libbsp.a(debugpins.o)
 .debug_info    0x0001747d       0xc1 build\cc2538em_armgcc\bsp\boards\cc2538em\libbsp.a(eui64.o)
 .debug_info    0x0001753e      0x3a8 build\cc2538em_armgcc\bsp\boards\cc2538em\libbsp.a(leds.o)
 .debug_info    0x000178e6      0x596 build\cc2538em_armgcc\bsp\boards\cc2538em\libbsp.a(radio.o)
 .debug_info    0x00017e7c      0x3b8 build\cc2538em_armgcc\bsp\boards\cc2538em\libbsp.a(radiotimer.o)
 .debug_info    0x00018234      0x1b3 build\cc2538em_armgcc\bsp\boards\cc2538em\libbsp.a(startup_gcc.o)
 .debug_info    0x000183e7      0x2c2 build\cc2538em_armgcc\bsp\boards\cc2538em\libbsp.a(uart.o)
 .debug_info    0x000186a9      0x76b build\cc2538em_armgcc\bsp\boards\cc2538em\libbsp.a(gpio.o)
 .debug_info    0x00018e14      0x405 build\cc2538em_armgcc\bsp\boards\cc2538em\libbsp.a(interrupt.o)
 .debug_info    0x00019219      0x2c3 build\cc2538em_armgcc\bsp\boards\cc2538em\libbsp.a(ioc.o)
 .debug_info    0x000194dc      0x1be build\cc2538em_armgcc\bsp\boards\cc2538em\libbsp.a(sleepmode.o)
 .debug_info    0x0001969a      0x4bd build\cc2538em_armgcc\bsp\boards\cc2538em\libbsp.a(sys_ctrl.o)
 .debug_info    0x00019b57      0x861 build\cc2538em_armgcc\bsp\boards\cc2538em\libbsp.a(uarthal.o)
 .debug_info    0x0001a3b8     0x10d6 build\cc2538em_armgcc\bsp\boards\cc2538em\libbsp.a(sens_itf_mote.o)
 .debug_info    0x0001b48e      0x170 build\cc2538em_armgcc\bsp\boards\cc2538em\libbsp.a(cpu.o)
 .debug_info    0x0001b5fe      0xb69 build\cc2538em_armgcc\bsp\boards\cc2538em\libbsp.a(sens_itf.o)
 .debug_info    0x0001c167      0xc27 build\cc2538em_armgcc\bsp\boards\cc2538em\libbsp.a(buf_io.o)
 .debug_info    0x0001cd8e      0x12f build\cc2538em_armgcc\bsp\boards\cc2538em\libbsp.a(crc16.o)

.debug_abbrev   0x00000000     0x5706
 .debug_abbrev  0x00000000       0x7c firmware\openos\projects\common\03oos_openwsn\03oos_openwsn.o
 .debug_abbrev  0x0000007c       0x9d build\cc2538em_armgcc\openwsn\libopenstack.a(openwsn.o)
 .debug_abbrev  0x00000119      0x276 build\cc2538em_armgcc\openwsn\libopenstack.a(IEEE802154E.o)
 .debug_abbrev  0x0000038f      0x159 build\cc2538em_armgcc\openwsn\libopenstack.a(adaptive_sync.o)
 .debug_abbrev  0x000004e8      0x248 build\cc2538em_armgcc\openwsn\libopenstack.a(neighbors.o)
 .debug_abbrev  0x00000730      0x228 build\cc2538em_armgcc\openwsn\libopenstack.a(res.o)
 .debug_abbrev  0x00000958      0x215 build\cc2538em_armgcc\openwsn\libopenstack.a(schedule.o)
 .debug_abbrev  0x00000b6d      0x1d8 build\cc2538em_armgcc\openwsn\libopenstack.a(iphc.o)
 .debug_abbrev  0x00000d45      0x12c build\cc2538em_armgcc\openwsn\libopenstack.a(openbridge.o)
 .debug_abbrev  0x00000e71      0x1d6 build\cc2538em_armgcc\openwsn\libopenstack.a(forwarding.o)
 .debug_abbrev  0x00001047      0x155 build\cc2538em_armgcc\openwsn\libopenstack.a(icmpv6.o)
 .debug_abbrev  0x0000119c      0x168 build\cc2538em_armgcc\openwsn\libopenstack.a(icmpv6echo.o)
 .debug_abbrev  0x00001304      0x1c3 build\cc2538em_armgcc\openwsn\libopenstack.a(icmpv6rpl.o)
 .debug_abbrev  0x000014c7      0x200 build\cc2538em_armgcc\openwsn\libopenstack.a(opencoap.o)
 .debug_abbrev  0x000016c7      0x226 build\cc2538em_armgcc\openwsn\libopenstack.a(opentcp.o)
 .debug_abbrev  0x000018ed      0x17e build\cc2538em_armgcc\openwsn\libopenstack.a(openudp.o)
 .debug_abbrev  0x00001a6b      0x1ae build\cc2538em_armgcc\openwsn\libopenstack.a(r6t.o)
 .debug_abbrev  0x00001c19      0x1b8 build\cc2538em_armgcc\openwsn\libopenstack.a(ohlone.o)
 .debug_abbrev  0x00001dd1       0xf3 build\cc2538em_armgcc\openwsn\libopenstack.a(ohlone_webpages.o)
 .debug_abbrev  0x00001ec4      0x19f build\cc2538em_armgcc\openwsn\libopenstack.a(rinfo.o)
 .debug_abbrev  0x00002063      0x19f build\cc2538em_armgcc\openwsn\libopenstack.a(rrt.o)
 .debug_abbrev  0x00002202      0x19f build\cc2538em_armgcc\openwsn\libopenstack.a(rleds.o)
 .debug_abbrev  0x000023a1      0x19f build\cc2538em_armgcc\openwsn\libopenstack.a(rwellknown.o)
 .debug_abbrev  0x00002540      0x19f build\cc2538em_armgcc\openwsn\libopenstack.a(sensors.o)
 .debug_abbrev  0x000026df      0x151 build\cc2538em_armgcc\openwsn\libopenstack.a(tcpecho.o)
 .debug_abbrev  0x00002830      0x18d build\cc2538em_armgcc\openwsn\libopenstack.a(tcpinject.o)
 .debug_abbrev  0x000029bd      0x13b build\cc2538em_armgcc\openwsn\libopenstack.a(tcpprint.o)
 .debug_abbrev  0x00002af8      0x137 build\cc2538em_armgcc\openwsn\libopenstack.a(udpecho.o)
 .debug_abbrev  0x00002c2f      0x146 build\cc2538em_armgcc\openwsn\libopenstack.a(udpinject.o)
 .debug_abbrev  0x00002d75      0x137 build\cc2538em_armgcc\openwsn\libopenstack.a(udpprint.o)
 .debug_abbrev  0x00002eac      0x159 build\cc2538em_armgcc\openwsn\libopenstack.a(udprand.o)
 .debug_abbrev  0x00003005      0x159 build\cc2538em_armgcc\openwsn\libopenstack.a(udplatency.o)
 .debug_abbrev  0x0000315e      0x166 build\cc2538em_armgcc\openwsn\libopenstack.a(idmanager.o)
 .debug_abbrev  0x000032c4      0x193 build\cc2538em_armgcc\openwsn\libopenstack.a(openqueue.o)
 .debug_abbrev  0x00003457       0xe8 build\cc2538em_armgcc\openwsn\libopenstack.a(openrandom.o)
 .debug_abbrev  0x0000353f      0x1d8 build\cc2538em_armgcc\openwsn\libopenstack.a(packetfunctions.o)
 .debug_abbrev  0x00003717      0x13f build\cc2538em_armgcc\openwsn\libopenstack.a(IEEE802154.o)
 .debug_abbrev  0x00003856      0x10d build\cc2538em_armgcc\openwsn\libopenstack.a(topology.o)
 .debug_abbrev  0x00003963      0x12a build\cc2538em_armgcc\kernel\openos\libopenos.a(scheduler.o)
 .debug_abbrev  0x00003a8d      0x1ba build\cc2538em_armgcc\drivers\libdrivers.a(openserial.o)
 .debug_abbrev  0x00003c47      0x179 build\cc2538em_armgcc\drivers\libdrivers.a(opentimers.o)
 .debug_abbrev  0x00003dc0       0x9c build\cc2538em_armgcc\drivers\libdrivers.a(openhdlc.o)
 .debug_abbrev  0x00003e5c       0xd8 build\cc2538em_armgcc\bsp\boards\cc2538em\libbsp.a(board.o)
 .debug_abbrev  0x00003f34      0x160 build\cc2538em_armgcc\bsp\boards\cc2538em\libbsp.a(bsp_timer.o)
 .debug_abbrev  0x00004094       0xa3 build\cc2538em_armgcc\bsp\boards\cc2538em\libbsp.a(debugpins.o)
 .debug_abbrev  0x00004137       0x7b build\cc2538em_armgcc\bsp\boards\cc2538em\libbsp.a(eui64.o)
 .debug_abbrev  0x000041b2       0xed build\cc2538em_armgcc\bsp\boards\cc2538em\libbsp.a(leds.o)
 .debug_abbrev  0x0000429f      0x224 build\cc2538em_armgcc\bsp\boards\cc2538em\libbsp.a(radio.o)
 .debug_abbrev  0x000044c3      0x186 build\cc2538em_armgcc\bsp\boards\cc2538em\libbsp.a(radiotimer.o)
 .debug_abbrev  0x00004649      0x109 build\cc2538em_armgcc\bsp\boards\cc2538em\libbsp.a(startup_gcc.o)
 .debug_abbrev  0x00004752      0x16d build\cc2538em_armgcc\bsp\boards\cc2538em\libbsp.a(uart.o)
 .debug_abbrev  0x000048bf      0x124 build\cc2538em_armgcc\bsp\boards\cc2538em\libbsp.a(gpio.o)
 .debug_abbrev  0x000049e3      0x185 build\cc2538em_armgcc\bsp\boards\cc2538em\libbsp.a(interrupt.o)
 .debug_abbrev  0x00004b68       0xdf build\cc2538em_armgcc\bsp\boards\cc2538em\libbsp.a(ioc.o)
 .debug_abbrev  0x00004c47      0x113 build\cc2538em_armgcc\bsp\boards\cc2538em\libbsp.a(sleepmode.o)
 .debug_abbrev  0x00004d5a      0x130 build\cc2538em_armgcc\bsp\boards\cc2538em\libbsp.a(sys_ctrl.o)
 .debug_abbrev  0x00004e8a      0x124 build\cc2538em_armgcc\bsp\boards\cc2538em\libbsp.a(uarthal.o)
 .debug_abbrev  0x00004fae      0x2b1 build\cc2538em_armgcc\bsp\boards\cc2538em\libbsp.a(sens_itf_mote.o)
 .debug_abbrev  0x0000525f       0xcf build\cc2538em_armgcc\bsp\boards\cc2538em\libbsp.a(cpu.o)
 .debug_abbrev  0x0000532e      0x1cc build\cc2538em_armgcc\bsp\boards\cc2538em\libbsp.a(sens_itf.o)
 .debug_abbrev  0x000054fa      0x167 build\cc2538em_armgcc\bsp\boards\cc2538em\libbsp.a(buf_io.o)
 .debug_abbrev  0x00005661       0xa5 build\cc2538em_armgcc\bsp\boards\cc2538em\libbsp.a(crc16.o)

.debug_aranges  0x00000000      0x7c0
 .debug_aranges
                0x00000000       0x20 firmware\openos\projects\common\03oos_openwsn\03oos_openwsn.o
 .debug_aranges
                0x00000020       0x20 build\cc2538em_armgcc\openwsn\libopenstack.a(openwsn.o)
 .debug_aranges
                0x00000040       0x20 build\cc2538em_armgcc\openwsn\libopenstack.a(IEEE802154E.o)
 .debug_aranges
                0x00000060       0x20 build\cc2538em_armgcc\openwsn\libopenstack.a(adaptive_sync.o)
 .debug_aranges
                0x00000080       0x20 build\cc2538em_armgcc\openwsn\libopenstack.a(neighbors.o)
 .debug_aranges
                0x000000a0       0x20 build\cc2538em_armgcc\openwsn\libopenstack.a(res.o)
 .debug_aranges
                0x000000c0       0x20 build\cc2538em_armgcc\openwsn\libopenstack.a(schedule.o)
 .debug_aranges
                0x000000e0       0x20 build\cc2538em_armgcc\openwsn\libopenstack.a(iphc.o)
 .debug_aranges
                0x00000100       0x20 build\cc2538em_armgcc\openwsn\libopenstack.a(openbridge.o)
 .debug_aranges
                0x00000120       0x20 build\cc2538em_armgcc\openwsn\libopenstack.a(forwarding.o)
 .debug_aranges
                0x00000140       0x20 build\cc2538em_armgcc\openwsn\libopenstack.a(icmpv6.o)
 .debug_aranges
                0x00000160       0x20 build\cc2538em_armgcc\openwsn\libopenstack.a(icmpv6echo.o)
 .debug_aranges
                0x00000180       0x20 build\cc2538em_armgcc\openwsn\libopenstack.a(icmpv6rpl.o)
 .debug_aranges
                0x000001a0       0x20 build\cc2538em_armgcc\openwsn\libopenstack.a(opencoap.o)
 .debug_aranges
                0x000001c0       0x20 build\cc2538em_armgcc\openwsn\libopenstack.a(opentcp.o)
 .debug_aranges
                0x000001e0       0x20 build\cc2538em_armgcc\openwsn\libopenstack.a(openudp.o)
 .debug_aranges
                0x00000200       0x20 build\cc2538em_armgcc\openwsn\libopenstack.a(r6t.o)
 .debug_aranges
                0x00000220       0x20 build\cc2538em_armgcc\openwsn\libopenstack.a(ohlone.o)
 .debug_aranges
                0x00000240       0x20 build\cc2538em_armgcc\openwsn\libopenstack.a(ohlone_webpages.o)
 .debug_aranges
                0x00000260       0x20 build\cc2538em_armgcc\openwsn\libopenstack.a(rinfo.o)
 .debug_aranges
                0x00000280       0x20 build\cc2538em_armgcc\openwsn\libopenstack.a(rrt.o)
 .debug_aranges
                0x000002a0       0x20 build\cc2538em_armgcc\openwsn\libopenstack.a(rleds.o)
 .debug_aranges
                0x000002c0       0x20 build\cc2538em_armgcc\openwsn\libopenstack.a(rwellknown.o)
 .debug_aranges
                0x000002e0       0x20 build\cc2538em_armgcc\openwsn\libopenstack.a(sensors.o)
 .debug_aranges
                0x00000300       0x20 build\cc2538em_armgcc\openwsn\libopenstack.a(tcpecho.o)
 .debug_aranges
                0x00000320       0x20 build\cc2538em_armgcc\openwsn\libopenstack.a(tcpinject.o)
 .debug_aranges
                0x00000340       0x20 build\cc2538em_armgcc\openwsn\libopenstack.a(tcpprint.o)
 .debug_aranges
                0x00000360       0x20 build\cc2538em_armgcc\openwsn\libopenstack.a(udpecho.o)
 .debug_aranges
                0x00000380       0x20 build\cc2538em_armgcc\openwsn\libopenstack.a(udpinject.o)
 .debug_aranges
                0x000003a0       0x20 build\cc2538em_armgcc\openwsn\libopenstack.a(udpprint.o)
 .debug_aranges
                0x000003c0       0x20 build\cc2538em_armgcc\openwsn\libopenstack.a(udprand.o)
 .debug_aranges
                0x000003e0       0x20 build\cc2538em_armgcc\openwsn\libopenstack.a(udplatency.o)
 .debug_aranges
                0x00000400       0x20 build\cc2538em_armgcc\openwsn\libopenstack.a(idmanager.o)
 .debug_aranges
                0x00000420       0x20 build\cc2538em_armgcc\openwsn\libopenstack.a(openqueue.o)
 .debug_aranges
                0x00000440       0x20 build\cc2538em_armgcc\openwsn\libopenstack.a(openrandom.o)
 .debug_aranges
                0x00000460       0x20 build\cc2538em_armgcc\openwsn\libopenstack.a(packetfunctions.o)
 .debug_aranges
                0x00000480       0x20 build\cc2538em_armgcc\openwsn\libopenstack.a(IEEE802154.o)
 .debug_aranges
                0x000004a0       0x20 build\cc2538em_armgcc\openwsn\libopenstack.a(topology.o)
 .debug_aranges
                0x000004c0       0x20 build\cc2538em_armgcc\kernel\openos\libopenos.a(scheduler.o)
 .debug_aranges
                0x000004e0       0x20 build\cc2538em_armgcc\drivers\libdrivers.a(openserial.o)
 .debug_aranges
                0x00000500       0x20 build\cc2538em_armgcc\drivers\libdrivers.a(opentimers.o)
 .debug_aranges
                0x00000520       0x20 build\cc2538em_armgcc\drivers\libdrivers.a(openhdlc.o)
 .debug_aranges
                0x00000540       0x20 build\cc2538em_armgcc\bsp\boards\cc2538em\libbsp.a(board.o)
 .debug_aranges
                0x00000560       0x20 build\cc2538em_armgcc\bsp\boards\cc2538em\libbsp.a(bsp_timer.o)
 .debug_aranges
                0x00000580       0x20 build\cc2538em_armgcc\bsp\boards\cc2538em\libbsp.a(debugpins.o)
 .debug_aranges
                0x000005a0       0x20 build\cc2538em_armgcc\bsp\boards\cc2538em\libbsp.a(eui64.o)
 .debug_aranges
                0x000005c0       0x20 build\cc2538em_armgcc\bsp\boards\cc2538em\libbsp.a(leds.o)
 .debug_aranges
                0x000005e0       0x20 build\cc2538em_armgcc\bsp\boards\cc2538em\libbsp.a(radio.o)
 .debug_aranges
                0x00000600       0x20 build\cc2538em_armgcc\bsp\boards\cc2538em\libbsp.a(radiotimer.o)
 .debug_aranges
                0x00000620       0x20 build\cc2538em_armgcc\bsp\boards\cc2538em\libbsp.a(startup_gcc.o)
 .debug_aranges
                0x00000640       0x20 build\cc2538em_armgcc\bsp\boards\cc2538em\libbsp.a(uart.o)
 .debug_aranges
                0x00000660       0x20 build\cc2538em_armgcc\bsp\boards\cc2538em\libbsp.a(gpio.o)
 .debug_aranges
                0x00000680       0x20 build\cc2538em_armgcc\bsp\boards\cc2538em\libbsp.a(interrupt.o)
 .debug_aranges
                0x000006a0       0x20 build\cc2538em_armgcc\bsp\boards\cc2538em\libbsp.a(ioc.o)
 .debug_aranges
                0x000006c0       0x20 build\cc2538em_armgcc\bsp\boards\cc2538em\libbsp.a(sleepmode.o)
 .debug_aranges
                0x000006e0       0x20 build\cc2538em_armgcc\bsp\boards\cc2538em\libbsp.a(sys_ctrl.o)
 .debug_aranges
                0x00000700       0x20 build\cc2538em_armgcc\bsp\boards\cc2538em\libbsp.a(uarthal.o)
 .debug_aranges
                0x00000720       0x20 build\cc2538em_armgcc\bsp\boards\cc2538em\libbsp.a(sens_itf_mote.o)
 .debug_aranges
                0x00000740       0x20 build\cc2538em_armgcc\bsp\boards\cc2538em\libbsp.a(cpu.o)
 .debug_aranges
                0x00000760       0x20 build\cc2538em_armgcc\bsp\boards\cc2538em\libbsp.a(sens_itf.o)
 .debug_aranges
                0x00000780       0x20 build\cc2538em_armgcc\bsp\boards\cc2538em\libbsp.a(buf_io.o)
 .debug_aranges